<?xml version='1.0' encoding='UTF-8'?>
<caom2:Observation xmlns:caom2="http://www.opencadc.org/caom2/xml/v2.4" xmlns:xsi="http://www.w3.org/2001/XMLSchema-instance" xsi:type="caom2:SimpleObservation" caom2:id="579b7d17-9af2-45f3-b735-9ea0ab328927" caom2:metaProducer="dao2caom2/0.3.1">
  <caom2:collection>DAO</caom2:collection>
  <caom2:observationID>a2020_07_21_10_00_01</caom2:observationID>
  <caom2:metaRelease>2020-07-21T09:59:58.104</caom2:metaRelease>
  <caom2:algorithm>
    <caom2:name>exposure</caom2:name>
  </caom2:algorithm>
  <caom2:intent>calibration</caom2:intent>
  <caom2:telescope>
    <caom2:name>DAO Skycam</caom2:name>
    <caom2:geoLocationX>-2331067.2171255187</caom2:geoLocationX>
    <caom2:geoLocationY>-3533034.4012740254</caom2:geoLocationY>
    <caom2:geoLocationZ>4755491.285752695</caom2:geoLocationZ>
  </caom2:telescope>
  <caom2:instrument>
    <caom2:name>Sky Camera</caom2:name>
  </caom2:instrument>
  <caom2:planes>
    <caom2:plane caom2:id="a243a2e9-ceba-4637-b4bf-8d32b3f6acd4" caom2:metaProducer="dao2caom2/0.3.1">
      <caom2:productID>sky_camera_image</caom2:productID>
      <caom2:metaRelease>2020-07-21T09:59:58.104</caom2:metaRelease>
      <caom2:dataRelease>2020-07-21T09:59:58.104</caom2:dataRelease>
      <caom2:dataProductType>image</caom2:dataProductType>
      <caom2:calibrationLevel>1</caom2:calibrationLevel>
      <caom2:provenance>
        <caom2:name>DAO Sky Camera image</caom2:name>
        <caom2:project>DAO Science Archive</caom2:project>
        <caom2:producer>NRC Herzberg Astronomy and Astrophysics Research Centre</caom2:producer>
        <caom2:reference>https://www.cadc-ccda.hia-iha.nrc-cnrc.gc.ca/en/dao/</caom2:reference>
      </caom2:provenance>
      <caom2:artifacts>
        <caom2:artifact caom2:id="3006d99e-342b-4114-b4b2-417c4ab74620" caom2:metaProducer="dao2caom2/0.3.1">
          <caom2:uri>cadc:DAO/a2020_07_21_10_00_01.fits</caom2:uri>
          <caom2:productType>calibration</caom2:productType>
          <caom2:releaseType>data</caom2:releaseType>
          <caom2:contentType>application/fits</caom2:contentType>
          <caom2:contentChecksum>md5:1ad9e4072c399485638f9a39b3e8fabb</caom2:contentChecksum>
          <caom2:parts>
            <caom2:part caom2:id="f0460118-0418-43d7-86ad-bdc862bc4656">
              <caom2:name>0</caom2:name>
              <caom2:chunks>
                <caom2:chunk caom2:id="f7669300-3c65-4270-a533-ab6cc69a1f03" caom2:metaProducer="dao2caom2/0.3.1">
                  <caom2:naxis>2</caom2:naxis>
                  <caom2:observableAxis>2</caom2:observableAxis>
                  <caom2:timeAxis>1</caom2:timeAxis>
                  <caom2:observable>
                    <caom2:dependent>
                      <caom2:axis>
                        <caom2:ctype>FLUX</caom2:ctype>
                        <caom2:cunit>COUNTS</caom2:cunit>
                      </caom2:axis>
                      <caom2:bin>1</caom2:bin>
                    </caom2:dependent>
                  </caom2:observable>
                  <caom2:energy>
                    <caom2:axis>
                      <caom2:axis>
                        <caom2:ctype>WAVE</caom2:ctype>
                        <caom2:cunit>m</caom2:cunit>
                      </caom2:axis>
                      <caom2:function>
                        <caom2:naxis>1</caom2:naxis>
                        <caom2:delta>3e-07</caom2:delta>
                        <caom2:refCoord>
                          <caom2:pix>0.5</caom2:pix>
                          <caom2:val>4.0000000000000003e-07</caom2:val>
                        </caom2:refCoord>
                      </caom2:function>
                    </caom2:axis>
                    <caom2:specsys>TOPOCENT</caom2:specsys>
                    <caom2:ssysobs>TOPOCENT</caom2:ssysobs>
                    <caom2:ssyssrc>TOPOCENT</caom2:ssyssrc>
                    <caom2:resolvingPower>1.8333333333333333</caom2:resolvingPower>
                  </caom2:energy>
                  <caom2:time>
                    <caom2:axis>
                      <caom2:axis>
                        <caom2:ctype>TIME</caom2:ctype>
                        <caom2:cunit>d</caom2:cunit>
                      </caom2:axis>
                      <caom2:function>
                        <caom2:naxis>1</caom2:naxis>
                        <caom2:delta>5.78703703703703e-05</caom2:delta>
                        <caom2:refCoord>
                          <caom2:pix>0.5</caom2:pix>
                          <caom2:val>59051.41664472222</caom2:val>
                        </caom2:refCoord>
                      </caom2:function>
                    </caom2:axis>
                    <caom2:timesys>UTC</caom2:timesys>
                    <caom2:exposure>5.0</caom2:exposure>
                    <caom2:resolution>5.0</caom2:resolution>
                  </caom2:time>
                </caom2:chunk>
              </caom2:chunks>
            </caom2:part>
          </caom2:parts>
        </caom2:artifact>
      </caom2:artifacts>
    </caom2:plane>
  </caom2:planes>
</caom2:Observation>
