<?xml version='1.0' encoding='UTF-8'?>
<caom2:Observation xmlns:caom2="http://www.opencadc.org/caom2/xml/v2.4" xmlns:xsi="http://www.w3.org/2001/XMLSchema-instance" xsi:type="caom2:SimpleObservation" caom2:id="00000000-0000-0000-1b05-01642962126e" caom2:lastModified="2018-06-22T21:24:28.130" caom2:maxLastModified="2018-06-22T21:24:28.130" caom2:metaChecksum="md5:0296c6822fcb43b1d68934cb695dd89c" caom2:accMetaChecksum="md5:635d332fc0a0b0c804bf0bfa9515de09" caom2:metaProducer="dao2caom2/0.3.1">
  <caom2:collection>DAO</caom2:collection>
  <caom2:observationID>dao_r182_1989_000481</caom2:observationID>
  <caom2:metaRelease>1989-07-11T11:24:38.000</caom2:metaRelease>
  <caom2:algorithm>
    <caom2:name>exposure</caom2:name>
  </caom2:algorithm>
  <caom2:type>flat</caom2:type>
  <caom2:intent>calibration</caom2:intent>
  <caom2:target>
    <caom2:name>HEAT LAMPS</caom2:name>
    <caom2:type>object</caom2:type>
    <caom2:standard>false</caom2:standard>
    <caom2:moving>false</caom2:moving>
  </caom2:target>
  <caom2:telescope>
    <caom2:name>DAO 1.8-m</caom2:name>
    <caom2:geoLocationX>-2331180.0236165463</caom2:geoLocationX>
    <caom2:geoLocationY>-3532960.1603673417</caom2:geoLocationY>
    <caom2:geoLocationZ>4755520.510544372</caom2:geoLocationZ>
  </caom2:telescope>
  <caom2:instrument>
    <caom2:name>Cassegrain Spectrograph</caom2:name>
  </caom2:instrument>
  <caom2:planes>
    <caom2:plane caom2:id="00000000-0000-0000-1b05-016429621b3b" caom2:lastModified="2018-06-22T21:24:28.130" caom2:maxLastModified="2018-06-22T21:24:28.130" caom2:metaChecksum="md5:c1f9e70cedb1998c812ead623c10e223" caom2:accMetaChecksum="md5:40ab880a383c507c2a63879f91ff62c7" caom2:metaProducer="dao2caom2/0.3.1">
      <caom2:productID>dao_r182_1989_000481</caom2:productID>
      <caom2:metaRelease>1989-07-11T11:24:38.000</caom2:metaRelease>
      <caom2:dataRelease>1990-07-11T11:24:38.000</caom2:dataRelease>
      <caom2:dataProductType>spectrum</caom2:dataProductType>
      <caom2:calibrationLevel>1</caom2:calibrationLevel>
      <caom2:provenance>
        <caom2:name>DAO unprocessed data</caom2:name>
        <caom2:project>DAO Science Archive</caom2:project>
        <caom2:producer>NRC Herzberg</caom2:producer>
        <caom2:reference>https://www.cadc-ccda.hia-iha.nrc-cnrc.gc.ca/en/dao/</caom2:reference>
      </caom2:provenance>
      <caom2:artifacts>
        <caom2:artifact caom2:id="00000000-0000-0000-1b05-016429621b43" caom2:lastModified="2018-06-22T21:24:28.130" caom2:maxLastModified="2018-06-22T21:24:28.130" caom2:metaChecksum="md5:c42b8e5d9d52d77b16c009d8acbd8a0d" caom2:accMetaChecksum="md5:3081496d295882fd7483b8a5e085c57e" caom2:metaProducer="dao2caom2/0.3.1">
          <caom2:uri>cadc:DAO/dao_r182_1989_000481.fits</caom2:uri>
          <caom2:productType>calibration</caom2:productType>
          <caom2:releaseType>data</caom2:releaseType>
          <caom2:contentType>application/fits</caom2:contentType>
          <caom2:contentChecksum>md5:cc4fc772581169a29f8ba978590b568d</caom2:contentChecksum>
          <caom2:parts>
            <caom2:part caom2:id="00000000-0000-0000-1b05-016429621b45" caom2:lastModified="2018-06-22T21:24:28.130" caom2:maxLastModified="2018-06-22T21:24:28.130" caom2:metaChecksum="md5:9b9f3aaed6d8283b9e67ef32ec799bd9" caom2:accMetaChecksum="md5:dcf013dac702db6e88075586b8c4049e">
              <caom2:name>0</caom2:name>
              <caom2:chunks>
                <caom2:chunk caom2:id="00000000-0000-0000-1b05-016429621b46" caom2:lastModified="2018-06-22T21:24:28.130" caom2:maxLastModified="2018-06-22T21:24:28.130" caom2:metaChecksum="md5:d4e845b81e36dce9ec9f968362b15057" caom2:accMetaChecksum="md5:1b12f265e240123b42d08dfb32ad385d" caom2:metaProducer="dao2caom2/0.3.1">
                  <caom2:observable>
                    <caom2:dependent>
                      <caom2:axis>
                        <caom2:ctype>FLUX</caom2:ctype>
                        <caom2:cunit>COUNTS</caom2:cunit>
                      </caom2:axis>
                      <caom2:bin>1</caom2:bin>
                    </caom2:dependent>
                  </caom2:observable>
                  <caom2:time>
                    <caom2:axis>
                      <caom2:axis>
                        <caom2:ctype>TIME</caom2:ctype>
                        <caom2:cunit>d</caom2:cunit>
                      </caom2:axis>
                      <caom2:function>
                        <caom2:naxis>1</caom2:naxis>
                        <caom2:delta>0.002777777777777778</caom2:delta>
                        <caom2:refCoord>
                          <caom2:pix>0.5</caom2:pix>
                          <caom2:val>47718.4754398</caom2:val>
                        </caom2:refCoord>
                      </caom2:function>
                    </caom2:axis>
                    <caom2:timesys>UTC</caom2:timesys>
                    <caom2:exposure>240.0</caom2:exposure>
                    <caom2:resolution>240.0</caom2:resolution>
                  </caom2:time>
                </caom2:chunk>
              </caom2:chunks>
            </caom2:part>
          </caom2:parts>
        </caom2:artifact>
      </caom2:artifacts>
    </caom2:plane>
  </caom2:planes>
</caom2:Observation>
