<?xml version='1.0' encoding='UTF-8'?>
<caom2:Observation xmlns:caom2="http://www.opencadc.org/caom2/xml/v2.4" xmlns:xsi="http://www.w3.org/2001/XMLSchema-instance" xsi:type="caom2:DerivedObservation" caom2:id="00000000-0000-0000-89e5-016647254001" caom2:lastModified="2018-10-06T02:12:04.283" caom2:maxLastModified="2018-10-06T02:12:04.283" caom2:metaChecksum="md5:b542a893bac2c8b99e7c27ab0e9a9152" caom2:accMetaChecksum="md5:515a5c15d5289d0fa5a897a5326b70ea" caom2:metaProducer="dao2caom2/0.3.1">
  <caom2:collection>DAOCADC</caom2:collection>
  <caom2:observationID>dao_c182_2017_005498_B</caom2:observationID>
  <caom2:metaRelease>2017-05-28T11:42:58.000</caom2:metaRelease>
  <caom2:algorithm>
    <caom2:name>Spaceguard_C</caom2:name>
  </caom2:algorithm>
  <caom2:type>bias</caom2:type>
  <caom2:intent>calibration</caom2:intent>
  <caom2:proposal>
    <caom2:id>DAO182_2017B4</caom2:id>
    <caom2:pi>Thanjavur</caom2:pi>
  </caom2:proposal>
  <caom2:target>
    <caom2:name>processed bias</caom2:name>
    <caom2:type>field</caom2:type>
    <caom2:standard>false</caom2:standard>
    <caom2:moving>false</caom2:moving>
  </caom2:target>
  <caom2:telescope>
    <caom2:name>DAO 1.8-m</caom2:name>
    <caom2:geoLocationX>-2331180.0236165463</caom2:geoLocationX>
    <caom2:geoLocationY>-3532960.1603673417</caom2:geoLocationY>
    <caom2:geoLocationZ>4755520.510544373</caom2:geoLocationZ>
  </caom2:telescope>
  <caom2:instrument>
    <caom2:name>Newtonian Imager</caom2:name>
  </caom2:instrument>
  <caom2:environment>
    <caom2:humidity>53.2</caom2:humidity>
    <caom2:photometric>false</caom2:photometric>
  </caom2:environment>
  <caom2:planes>
    <caom2:plane caom2:id="00000000-0000-0000-89e5-016647254d30" caom2:lastModified="2018-10-06T02:12:04.283" caom2:maxLastModified="2018-10-06T02:12:04.283" caom2:metaChecksum="md5:602cdee9f0c447abc867be445744bd38" caom2:accMetaChecksum="md5:ab43783d2433069002064aa252ee11f7" caom2:metaProducer="dao2caom2/0.3.1">
      <caom2:productID>dao_c182_2017_005498_B</caom2:productID>
      <caom2:metaRelease>2017-05-28T11:42:58.000</caom2:metaRelease>
      <caom2:dataRelease>2017-05-28T11:43:33.000</caom2:dataRelease>
      <caom2:dataProductType>image</caom2:dataProductType>
      <caom2:calibrationLevel>2</caom2:calibrationLevel>
      <caom2:provenance>
        <caom2:name>Spaceguard_C</caom2:name>
        <caom2:version>1.0</caom2:version>
        <caom2:project>DAO Science Archive</caom2:project>
        <caom2:producer>Spaceguard_C</caom2:producer>
        <caom2:reference>https://www.cadc-ccda.hia-iha.nrc-cnrc.gc.ca/en/dao/</caom2:reference>
        <caom2:lastExecuted>2018-09-21T15:08:26.000</caom2:lastExecuted>
        <caom2:inputs>
          <caom2:planeURI>caom:DAO/dao_c182_2017_005497/dao_c182_2017_005497</caom2:planeURI>
          <caom2:planeURI>caom:DAO/dao_c182_2017_005496/dao_c182_2017_005496</caom2:planeURI>
          <caom2:planeURI>caom:DAO/dao_c182_2017_005502/dao_c182_2017_005502</caom2:planeURI>
          <caom2:planeURI>caom:DAO/dao_c182_2017_005505/dao_c182_2017_005505</caom2:planeURI>
          <caom2:planeURI>caom:DAO/dao_c182_2017_005506/dao_c182_2017_005506</caom2:planeURI>
          <caom2:planeURI>caom:DAO/dao_c182_2017_005499/dao_c182_2017_005499</caom2:planeURI>
          <caom2:planeURI>caom:DAO/dao_c182_2017_005501/dao_c182_2017_005501</caom2:planeURI>
          <caom2:planeURI>caom:DAO/dao_c182_2017_005503/dao_c182_2017_005503</caom2:planeURI>
          <caom2:planeURI>caom:DAO/dao_c182_2017_005500/dao_c182_2017_005500</caom2:planeURI>
          <caom2:planeURI>caom:DAO/dao_c182_2017_005504/dao_c182_2017_005504</caom2:planeURI>
          <caom2:planeURI>caom:DAO/dao_c182_2017_005498/dao_c182_2017_005498</caom2:planeURI>
        </caom2:inputs>
      </caom2:provenance>
      <caom2:artifacts>
        <caom2:artifact caom2:id="00000000-0000-0000-89e5-016647254d3a" caom2:lastModified="2018-10-06T02:12:04.283" caom2:maxLastModified="2018-10-06T02:12:04.283" caom2:metaChecksum="md5:1a114940407fc57d7d8206a68190edbd" caom2:accMetaChecksum="md5:b7990cb95e38663c2f03f08776e050bf" caom2:metaProducer="dao2caom2/0.3.1">
          <caom2:uri>cadc:DAOCADC/dao_c182_2017_005498_B.fits</caom2:uri>
          <caom2:productType>calibration</caom2:productType>
          <caom2:releaseType>data</caom2:releaseType>
          <caom2:contentType>application/fits</caom2:contentType>
          <caom2:contentChecksum>md5:575db5e548c7ef75ab07c4598b9772f2</caom2:contentChecksum>
          <caom2:parts>
            <caom2:part caom2:id="00000000-0000-0000-89e5-016647254d3c" caom2:lastModified="2018-10-06T02:12:04.283" caom2:maxLastModified="2018-10-06T02:12:04.283" caom2:metaChecksum="md5:b7095e00c570dabb56c6f9242bfc2d1f" caom2:accMetaChecksum="md5:19764fdfb5af1b7b0c3be0bf5052ea88">
              <caom2:name>0</caom2:name>
              <caom2:chunks>
                <caom2:chunk caom2:id="00000000-0000-0000-89e5-016647254d3e" caom2:lastModified="2018-10-06T02:12:04.283" caom2:maxLastModified="2018-10-06T02:12:04.283" caom2:metaChecksum="md5:8c608b8ea27cd8f1781412ca26de603f" caom2:accMetaChecksum="md5:5e241f577cdc4c7d1e53f42c8216d927" caom2:metaProducer="dao2caom2/0.3.1">
                  <caom2:time>
                    <caom2:axis>
                      <caom2:axis>
                        <caom2:ctype>TIME</caom2:ctype>
                        <caom2:cunit>d</caom2:cunit>
                      </caom2:axis>
                      <caom2:function>
                        <caom2:naxis>1</caom2:naxis>
                        <caom2:delta>0.0</caom2:delta>
                        <caom2:refCoord>
                          <caom2:pix>0.5</caom2:pix>
                          <caom2:val>57901.4881713</caom2:val>
                        </caom2:refCoord>
                      </caom2:function>
                    </caom2:axis>
                    <caom2:timesys>UTC</caom2:timesys>
                    <caom2:exposure>0.0</caom2:exposure>
                    <caom2:resolution>0.0</caom2:resolution>
                  </caom2:time>
                </caom2:chunk>
              </caom2:chunks>
            </caom2:part>
          </caom2:parts>
        </caom2:artifact>
      </caom2:artifacts>
    </caom2:plane>
  </caom2:planes>
  <caom2:members>
    <caom2:observationURI>caom:DAO/dao_c182_2017_005501</caom2:observationURI>
    <caom2:observationURI>caom:DAO/dao_c182_2017_005505</caom2:observationURI>
    <caom2:observationURI>caom:DAO/dao_c182_2017_005500</caom2:observationURI>
    <caom2:observationURI>caom:DAO/dao_c182_2017_005498</caom2:observationURI>
    <caom2:observationURI>caom:DAO/dao_c182_2017_005496</caom2:observationURI>
    <caom2:observationURI>caom:DAO/dao_c182_2017_005502</caom2:observationURI>
    <caom2:observationURI>caom:DAO/dao_c182_2017_005504</caom2:observationURI>
    <caom2:observationURI>caom:DAO/dao_c182_2017_005499</caom2:observationURI>
    <caom2:observationURI>caom:DAO/dao_c182_2017_005503</caom2:observationURI>
    <caom2:observationURI>caom:DAO/dao_c182_2017_005506</caom2:observationURI>
    <caom2:observationURI>caom:DAO/dao_c182_2017_005497</caom2:observationURI>
  </caom2:members>
</caom2:Observation>
