<?xml version='1.0' encoding='UTF-8'?>
<caom2:Observation xmlns:caom2="http://www.opencadc.org/caom2/xml/v2.4" xmlns:xsi="http://www.w3.org/2001/XMLSchema-instance" xsi:type="caom2:SimpleObservation" caom2:id="00000000-0000-0000-0cec-0154451167dc" caom2:lastModified="2017-04-04T20:17:02.780" caom2:maxLastModified="2017-11-20T04:52:42.763" caom2:metaChecksum="md5:c15f295ea3e8ba837c95045e1ee2d94f" caom2:accMetaChecksum="md5:3c8ac8d0554b96148c155d05804fc87f" caom2:metaProducer="dao2caom2/0.3.1">
  <caom2:collection>DAO</caom2:collection>
  <caom2:observationID>dao_c122_2007_000920</caom2:observationID>
  <caom2:metaRelease>2007-01-25T22:18:46.000</caom2:metaRelease>
  <caom2:algorithm>
    <caom2:name>exposure</caom2:name>
  </caom2:algorithm>
  <caom2:type>flat</caom2:type>
  <caom2:intent>calibration</caom2:intent>
  <caom2:target>
    <caom2:name>FLAT</caom2:name>
    <caom2:type>object</caom2:type>
    <caom2:standard>false</caom2:standard>
    <caom2:moving>false</caom2:moving>
  </caom2:target>
  <caom2:telescope>
    <caom2:name>DAO 1.2-m</caom2:name>
    <caom2:geoLocationX>-2331226.7854122813</caom2:geoLocationX>
    <caom2:geoLocationY>-3532798.978466634</caom2:geoLocationY>
    <caom2:geoLocationZ>4755607.337178416</caom2:geoLocationZ>
  </caom2:telescope>
  <caom2:instrument>
    <caom2:name>McKellar Spectrograph</caom2:name>
  </caom2:instrument>
  <caom2:environment>
    <caom2:humidity>97.0</caom2:humidity>
    <caom2:photometric>false</caom2:photometric>
  </caom2:environment>
  <caom2:planes>
    <caom2:plane caom2:id="00000000-0000-0000-0cec-015445116ec0" caom2:lastModified="2016-04-23T21:40:51.773" caom2:maxLastModified="2017-11-20T04:52:42.763" caom2:metaChecksum="md5:31d34663469ba58c00eed4778cc2fe16" caom2:accMetaChecksum="md5:e509951c9f7b2f0c5435d2f51bfb8279" caom2:metaProducer="dao2caom2/0.3.1">
      <caom2:productID>dao_c122_2007_000920</caom2:productID>
      <caom2:metaRelease>2007-01-25T22:18:46.000</caom2:metaRelease>
      <caom2:dataRelease>2007-01-25T22:18:46.000</caom2:dataRelease>
      <caom2:dataProductType>spectrum</caom2:dataProductType>
      <caom2:calibrationLevel>1</caom2:calibrationLevel>
      <caom2:provenance>
        <caom2:name>DAO unprocessed data</caom2:name>
        <caom2:project>DAO Science Archive</caom2:project>
        <caom2:producer>NRC Herzberg</caom2:producer>
        <caom2:reference>https://www.cadc-ccda.hia-iha.nrc-cnrc.gc.ca/en/dao/</caom2:reference>
      </caom2:provenance>
      <caom2:artifacts>
        <caom2:artifact caom2:id="00000000-0000-0000-0cec-015445116ec8" caom2:lastModified="2017-11-20T04:52:42.763" caom2:maxLastModified="2017-11-20T04:52:42.763" caom2:metaChecksum="md5:3fbe2715330cd029108931acda313bd8" caom2:accMetaChecksum="md5:b810361154216c5867101a3fed2f8afc" caom2:metaProducer="dao2caom2/0.3.1">
          <caom2:uri>cadc:DAO/dao_c122_2007_000920.fits</caom2:uri>
          <caom2:productType>calibration</caom2:productType>
          <caom2:releaseType>data</caom2:releaseType>
          <caom2:contentType>application/fits</caom2:contentType>
          <caom2:contentChecksum>md5:02859a0b8d03376f2a8a679c4e56894a</caom2:contentChecksum>
          <caom2:parts>
            <caom2:part caom2:id="00000000-0000-0000-0cec-015445116eca" caom2:lastModified="2016-04-23T21:40:51.773" caom2:maxLastModified="2016-04-23T21:40:51.773" caom2:metaChecksum="md5:719be05ea96ab9edbeeccd5e090392ab" caom2:accMetaChecksum="md5:8f4a37725d8124dffb017a57093db5e3">
              <caom2:name>0</caom2:name>
              <caom2:chunks>
                <caom2:chunk caom2:id="00000000-0000-0000-0cec-015445116ecc" caom2:lastModified="2017-04-04T20:17:02.780" caom2:maxLastModified="2017-04-04T20:17:02.780" caom2:metaChecksum="md5:2965b1c0a9df2b4cff3e35b7908af007" caom2:accMetaChecksum="md5:8034693c7f369177eda4a7eb16188930" caom2:metaProducer="dao2caom2/0.3.1">
                  <caom2:observable>
                    <caom2:dependent>
                      <caom2:axis>
                        <caom2:ctype>FLUX</caom2:ctype>
                        <caom2:cunit>COUNTS</caom2:cunit>
                      </caom2:axis>
                      <caom2:bin>1</caom2:bin>
                    </caom2:dependent>
                  </caom2:observable>
                  <caom2:energy>
                    <caom2:axis>
                      <caom2:axis>
                        <caom2:ctype>WAVE</caom2:ctype>
                        <caom2:cunit>m</caom2:cunit>
                      </caom2:axis>
                      <caom2:function>
                        <caom2:naxis>4200</caom2:naxis>
                        <caom2:delta>7.2e-12</caom2:delta>
                        <caom2:refCoord>
                          <caom2:pix>2048.5</caom2:pix>
                          <caom2:val>6.6e-07</caom2:val>
                        </caom2:refCoord>
                      </caom2:function>
                    </caom2:axis>
                    <caom2:specsys>TOPOCENT</caom2:specsys>
                    <caom2:ssysobs>TOPOCENT</caom2:ssysobs>
                    <caom2:ssyssrc>TOPOCENT</caom2:ssyssrc>
                    <caom2:resolvingPower>36666.66666666667</caom2:resolvingPower>
                  </caom2:energy>
                  <caom2:time>
                    <caom2:axis>
                      <caom2:axis>
                        <caom2:ctype>TIME</caom2:ctype>
                        <caom2:cunit>d</caom2:cunit>
                      </caom2:axis>
                      <caom2:function>
                        <caom2:naxis>1</caom2:naxis>
                        <caom2:delta>3.47222222222222e-05</caom2:delta>
                        <caom2:refCoord>
                          <caom2:pix>0.5</caom2:pix>
                          <caom2:val>54125.9296991</caom2:val>
                        </caom2:refCoord>
                      </caom2:function>
                    </caom2:axis>
                    <caom2:timesys>UTC</caom2:timesys>
                    <caom2:exposure>3.0</caom2:exposure>
                    <caom2:resolution>3.0</caom2:resolution>
                  </caom2:time>
                </caom2:chunk>
              </caom2:chunks>
            </caom2:part>
          </caom2:parts>
        </caom2:artifact>
      </caom2:artifacts>
    </caom2:plane>
  </caom2:planes>
</caom2:Observation>
