<?xml version='1.0' encoding='UTF-8'?>
<caom2:Observation xmlns:caom2="http://www.opencadc.org/caom2/xml/v2.4" xmlns:xsi="http://www.w3.org/2001/XMLSchema-instance" xsi:type="caom2:SimpleObservation" caom2:id="00000000-0000-0000-4315-015cf8b64e2e" caom2:lastModified="2017-06-30T11:15:28.320" caom2:maxLastModified="2017-11-21T20:36:48.443" caom2:metaChecksum="md5:f9eb95569e3fbfb6a907e16b12892c65" caom2:accMetaChecksum="md5:8eae3ade839648f6aa25628c4a212154" caom2:metaProducer="dao2caom2/0.3.1">
  <caom2:collection>DAO</caom2:collection>
  <caom2:observationID>dao_c182_2017_007397</caom2:observationID>
  <caom2:metaRelease>2017-06-30T10:48:28.000</caom2:metaRelease>
  <caom2:algorithm>
    <caom2:name>exposure</caom2:name>
  </caom2:algorithm>
  <caom2:type>dark</caom2:type>
  <caom2:intent>calibration</caom2:intent>
  <caom2:proposal>
    <caom2:id>DAO182_2017B8</caom2:id>
    <caom2:pi>Cote</caom2:pi>
  </caom2:proposal>
  <caom2:target>
    <caom2:name>dark_1200</caom2:name>
    <caom2:type>object</caom2:type>
    <caom2:standard>false</caom2:standard>
    <caom2:moving>false</caom2:moving>
  </caom2:target>
  <caom2:telescope>
    <caom2:name>DAO 1.8-m</caom2:name>
    <caom2:geoLocationX>-2331180.0236165463</caom2:geoLocationX>
    <caom2:geoLocationY>-3532960.1603673417</caom2:geoLocationY>
    <caom2:geoLocationZ>4755520.510544372</caom2:geoLocationZ>
  </caom2:telescope>
  <caom2:instrument>
    <caom2:name>Cassegrain Spectrograph</caom2:name>
  </caom2:instrument>
  <caom2:environment>
    <caom2:humidity>77.0</caom2:humidity>
    <caom2:photometric>false</caom2:photometric>
  </caom2:environment>
  <caom2:planes>
    <caom2:plane caom2:id="00000000-0000-0000-4315-015cf8b65d55" caom2:lastModified="2017-06-30T11:15:28.320" caom2:maxLastModified="2017-11-21T20:36:48.443" caom2:metaChecksum="md5:64800ee7929197deedd5bc52dad99d73" caom2:accMetaChecksum="md5:4e6f1cfba24c59815d618a5cf118b94d" caom2:metaProducer="dao2caom2/0.3.1">
      <caom2:productID>dao_c182_2017_007397</caom2:productID>
      <caom2:metaRelease>2017-06-30T10:48:28.000</caom2:metaRelease>
      <caom2:dataRelease>2017-06-30T11:08:33.000</caom2:dataRelease>
      <caom2:dataProductType>spectrum</caom2:dataProductType>
      <caom2:calibrationLevel>1</caom2:calibrationLevel>
      <caom2:provenance>
        <caom2:name>DAO unprocessed data</caom2:name>
        <caom2:project>DAO Science Archive</caom2:project>
        <caom2:producer>NRC Herzberg</caom2:producer>
        <caom2:reference>https://www.cadc-ccda.hia-iha.nrc-cnrc.gc.ca/en/dao/</caom2:reference>
      </caom2:provenance>
      <caom2:artifacts>
        <caom2:artifact caom2:id="00000000-0000-0000-4315-015cf8b65d5a" caom2:lastModified="2017-11-21T20:36:48.443" caom2:maxLastModified="2017-11-21T20:36:48.443" caom2:metaChecksum="md5:139743cc903edc9bd901ecd217fac569" caom2:accMetaChecksum="md5:3dd9e3a0a6b327802a8bbf8332a1a923" caom2:metaProducer="dao2caom2/0.3.1">
          <caom2:uri>cadc:DAO/dao_c182_2017_007397.fits</caom2:uri>
          <caom2:productType>calibration</caom2:productType>
          <caom2:releaseType>data</caom2:releaseType>
          <caom2:contentType>application/fits</caom2:contentType>
          <caom2:contentChecksum>md5:b7ee1693422287c6c158afa2b7518642</caom2:contentChecksum>
          <caom2:parts>
            <caom2:part caom2:id="00000000-0000-0000-4315-015cf8b65d5c" caom2:lastModified="2017-06-30T11:15:28.320" caom2:maxLastModified="2017-06-30T11:15:28.320" caom2:metaChecksum="md5:a5bb5f26adfa70d67afa188dabea061f" caom2:accMetaChecksum="md5:8bd95947ef63318268a68e362df0ea31">
              <caom2:name>0</caom2:name>
              <caom2:chunks>
                <caom2:chunk caom2:id="00000000-0000-0000-4315-015cf8b65d5e" caom2:lastModified="2017-06-30T11:15:28.320" caom2:maxLastModified="2017-06-30T11:15:28.320" caom2:metaChecksum="md5:85602e7cc80261d24616d1cda6b4e2ff" caom2:accMetaChecksum="md5:181d9003b4713e3394e1d4370b46e373" caom2:metaProducer="dao2caom2/0.3.1">
                  <caom2:observable>
                    <caom2:dependent>
                      <caom2:axis>
                        <caom2:ctype>FLUX</caom2:ctype>
                        <caom2:cunit>COUNTS</caom2:cunit>
                      </caom2:axis>
                      <caom2:bin>1</caom2:bin>
                    </caom2:dependent>
                  </caom2:observable>
                  <caom2:position>
                    <caom2:axis>
                      <caom2:axis1>
                        <caom2:ctype>RA---TAN</caom2:ctype>
                        <caom2:cunit>deg</caom2:cunit>
                      </caom2:axis1>
                      <caom2:axis2>
                        <caom2:ctype>DEC--TAN</caom2:ctype>
                        <caom2:cunit>deg</caom2:cunit>
                      </caom2:axis2>
                      <caom2:function>
                        <caom2:dimension>
                          <caom2:naxis1>1</caom2:naxis1>
                          <caom2:naxis2>1</caom2:naxis2>
                        </caom2:dimension>
                        <caom2:refCoord>
                          <caom2:coord1>
                            <caom2:pix>1.0</caom2:pix>
                            <caom2:val>317.1876240605704</caom2:val>
                          </caom2:coord1>
                          <caom2:coord2>
                            <caom2:pix>1.0</caom2:pix>
                            <caom2:val>47.92898561992993</caom2:val>
                          </caom2:coord2>
                        </caom2:refCoord>
                        <caom2:cd11>-0.001388</caom2:cd11>
                        <caom2:cd12>0.0</caom2:cd12>
                        <caom2:cd21>0.0</caom2:cd21>
                        <caom2:cd22>0.001388</caom2:cd22>
                      </caom2:function>
                    </caom2:axis>
                    <caom2:coordsys>FK5</caom2:coordsys>
                    <caom2:equinox>2017.49</caom2:equinox>
                  </caom2:position>
                  <caom2:energy>
                    <caom2:axis>
                      <caom2:axis>
                        <caom2:ctype>WAVE</caom2:ctype>
                        <caom2:cunit>m</caom2:cunit>
                      </caom2:axis>
                      <caom2:function>
                        <caom2:naxis>1850</caom2:naxis>
                        <caom2:delta>4.5e-11</caom2:delta>
                        <caom2:refCoord>
                          <caom2:pix>873.0</caom2:pix>
                          <caom2:val>8.55e-07</caom2:val>
                        </caom2:refCoord>
                      </caom2:function>
                    </caom2:axis>
                    <caom2:specsys>TOPOCENT</caom2:specsys>
                    <caom2:ssysobs>TOPOCENT</caom2:ssysobs>
                    <caom2:ssyssrc>TOPOCENT</caom2:ssyssrc>
                    <caom2:resolvingPower>7600.0</caom2:resolvingPower>
                  </caom2:energy>
                  <caom2:time>
                    <caom2:axis>
                      <caom2:axis>
                        <caom2:ctype>TIME</caom2:ctype>
                        <caom2:cunit>d</caom2:cunit>
                      </caom2:axis>
                      <caom2:function>
                        <caom2:naxis>1</caom2:naxis>
                        <caom2:delta>0.01388888888888889</caom2:delta>
                        <caom2:refCoord>
                          <caom2:pix>0.5</caom2:pix>
                          <caom2:val>57934.4503241</caom2:val>
                        </caom2:refCoord>
                      </caom2:function>
                    </caom2:axis>
                    <caom2:timesys>UTC</caom2:timesys>
                    <caom2:exposure>1200.0</caom2:exposure>
                    <caom2:resolution>1200.0</caom2:resolution>
                  </caom2:time>
                </caom2:chunk>
              </caom2:chunks>
            </caom2:part>
          </caom2:parts>
        </caom2:artifact>
      </caom2:artifacts>
    </caom2:plane>
  </caom2:planes>
</caom2:Observation>
