<?xml version='1.0' encoding='UTF-8'?>
<caom2:Observation xmlns:caom2="http://www.opencadc.org/caom2/xml/v2.4" xmlns:xsi="http://www.w3.org/2001/XMLSchema-instance" xsi:type="caom2:SimpleObservation" caom2:id="00000000-0000-0000-db6c-015519c5e793" caom2:lastModified="2019-07-17T21:53:07.661" caom2:maxLastModified="2019-07-17T22:12:30.150" caom2:metaChecksum="md5:531a370e915604703d789fb81e64d414" caom2:accMetaChecksum="md5:b4c4fe4c4a764223fc9644b2d2eee1f5" caom2:metaProducer="dao2caom2/0.3.1">
  <caom2:collection>DAO</caom2:collection>
  <caom2:observationID>dao_c182_2016_002019</caom2:observationID>
  <caom2:metaRelease>2016-06-04T04:49:04.000</caom2:metaRelease>
  <caom2:algorithm>
    <caom2:name>exposure</caom2:name>
  </caom2:algorithm>
  <caom2:type>flat</caom2:type>
  <caom2:intent>calibration</caom2:intent>
  <caom2:proposal>
    <caom2:id>DAO182_2016B2</caom2:id>
    <caom2:pi>Balam</caom2:pi>
  </caom2:proposal>
  <caom2:target>
    <caom2:name>Flat</caom2:name>
    <caom2:type>field</caom2:type>
    <caom2:standard>false</caom2:standard>
    <caom2:moving>false</caom2:moving>
  </caom2:target>
  <caom2:telescope>
    <caom2:name>DAO 1.8-m</caom2:name>
    <caom2:geoLocationX>-2331180.0236165463</caom2:geoLocationX>
    <caom2:geoLocationY>-3532960.1603673417</caom2:geoLocationY>
    <caom2:geoLocationZ>4755520.510544372</caom2:geoLocationZ>
  </caom2:telescope>
  <caom2:instrument>
    <caom2:name>Newtonian Imager</caom2:name>
  </caom2:instrument>
  <caom2:environment>
    <caom2:humidity>53.8</caom2:humidity>
    <caom2:photometric>false</caom2:photometric>
  </caom2:environment>
  <caom2:planes>
    <caom2:plane caom2:id="00000000-0000-0000-db6c-015519c5ed6b" caom2:lastModified="2019-07-17T21:53:07.661" caom2:maxLastModified="2019-07-17T22:12:30.150" caom2:metaChecksum="md5:421888f54e82a62dcee404a1c39a8662" caom2:accMetaChecksum="md5:c1f3c75076013b52dc22e7fc178d0175" caom2:metaProducer="dao2caom2/0.3.1">
      <caom2:productID>dao_c182_2016_002019</caom2:productID>
      <caom2:metaRelease>2016-06-04T04:49:04.000</caom2:metaRelease>
      <caom2:dataRelease>2016-06-04T04:49:39.000</caom2:dataRelease>
      <caom2:dataProductType>image</caom2:dataProductType>
      <caom2:calibrationLevel>1</caom2:calibrationLevel>
      <caom2:provenance>
        <caom2:name>DAO unprocessed data</caom2:name>
        <caom2:project>DAO Science Archive</caom2:project>
        <caom2:producer>NRC Herzberg</caom2:producer>
        <caom2:reference>https://www.cadc-ccda.hia-iha.nrc-cnrc.gc.ca/en/dao/</caom2:reference>
      </caom2:provenance>
      <caom2:artifacts>
        <caom2:artifact caom2:id="00000000-0000-0000-db6c-015519c5ed72" caom2:lastModified="2017-11-20T17:39:47.687" caom2:maxLastModified="2017-11-20T17:39:47.687" caom2:metaChecksum="md5:0105895fa41726df4d69de8400dab926" caom2:accMetaChecksum="md5:5044b69548e5b0635b198b548e2fa82a" caom2:metaProducer="dao2caom2/0.3.1">
          <caom2:uri>cadc:DAO/dao_c182_2016_002019.fits</caom2:uri>
          <caom2:productType>calibration</caom2:productType>
          <caom2:releaseType>data</caom2:releaseType>
          <caom2:contentType>application/fits</caom2:contentType>
          <caom2:contentChecksum>md5:b9a7978e47dd08c13efc9ab9c8065e6c</caom2:contentChecksum>
          <caom2:parts>
            <caom2:part caom2:id="00000000-0000-0000-db6c-015519c5ed74" caom2:lastModified="2016-06-04T04:57:31.777" caom2:maxLastModified="2016-06-04T04:57:31.777" caom2:metaChecksum="md5:5d703a2b504a75fd03319902f878afed" caom2:accMetaChecksum="md5:5790a10dae5a7274aff7695d78b2c956">
              <caom2:name>0</caom2:name>
              <caom2:chunks>
                <caom2:chunk caom2:id="00000000-0000-0000-db6c-015519c5ed76" caom2:lastModified="2017-04-05T01:40:33.237" caom2:maxLastModified="2017-04-05T01:40:33.237" caom2:metaChecksum="md5:bbd9e5844bb69e8c88c322d113d791aa" caom2:accMetaChecksum="md5:102bcde8068a08a94d79066d66c27fa4" caom2:metaProducer="dao2caom2/0.3.1">
                  <caom2:energy>
                    <caom2:axis>
                      <caom2:axis>
                        <caom2:ctype>WAVE</caom2:ctype>
                        <caom2:cunit>m</caom2:cunit>
                      </caom2:axis>
                      <caom2:function>
                        <caom2:naxis>1</caom2:naxis>
                        <caom2:delta>1.3e-07</caom2:delta>
                        <caom2:refCoord>
                          <caom2:pix>1.0</caom2:pix>
                          <caom2:val>6.2e-07</caom2:val>
                        </caom2:refCoord>
                      </caom2:function>
                    </caom2:axis>
                    <caom2:specsys>TOPOCENT</caom2:specsys>
                    <caom2:ssysobs>TOPOCENT</caom2:ssysobs>
                    <caom2:ssyssrc>TOPOCENT</caom2:ssyssrc>
                    <caom2:bandpassName>SDSS r prime</caom2:bandpassName>
                    <caom2:resolvingPower>4.76923076923</caom2:resolvingPower>
                  </caom2:energy>
                  <caom2:time>
                    <caom2:axis>
                      <caom2:axis>
                        <caom2:ctype>TIME</caom2:ctype>
                        <caom2:cunit>d</caom2:cunit>
                      </caom2:axis>
                      <caom2:function>
                        <caom2:naxis>1</caom2:naxis>
                        <caom2:delta>1.1574074074074e-05</caom2:delta>
                        <caom2:refCoord>
                          <caom2:pix>0.5</caom2:pix>
                          <caom2:val>57543.2007407</caom2:val>
                        </caom2:refCoord>
                      </caom2:function>
                    </caom2:axis>
                    <caom2:timesys>UTC</caom2:timesys>
                    <caom2:exposure>1.0</caom2:exposure>
                    <caom2:resolution>1.0</caom2:resolution>
                  </caom2:time>
                </caom2:chunk>
              </caom2:chunks>
            </caom2:part>
          </caom2:parts>
        </caom2:artifact>
      </caom2:artifacts>
    </caom2:plane>
  </caom2:planes>
</caom2:Observation>
