<?xml version='1.0' encoding='UTF-8'?>
<caom2:Observation xmlns:caom2="http://www.opencadc.org/caom2/xml/v2.4" xmlns:xsi="http://www.w3.org/2001/XMLSchema-instance" xsi:type="caom2:SimpleObservation" caom2:id="00000000-0000-0000-bd8f-015445115539" caom2:lastModified="2017-04-04T20:17:01.360" caom2:maxLastModified="2017-11-20T04:52:40.457" caom2:metaChecksum="md5:d513d4cac83b9f0f58dde3e6476e7ee4" caom2:accMetaChecksum="md5:2b3564585a83ff2eb232c0a3c50a97a0" caom2:metaProducer="dao2caom2/0.3.1">
  <caom2:collection>DAO</caom2:collection>
  <caom2:observationID>dao_c122_2007_000919</caom2:observationID>
  <caom2:metaRelease>2007-01-25T22:18:22.000</caom2:metaRelease>
  <caom2:algorithm>
    <caom2:name>exposure</caom2:name>
  </caom2:algorithm>
  <caom2:type>flat</caom2:type>
  <caom2:intent>calibration</caom2:intent>
  <caom2:target>
    <caom2:name>FLAT</caom2:name>
    <caom2:type>object</caom2:type>
    <caom2:standard>false</caom2:standard>
    <caom2:moving>false</caom2:moving>
  </caom2:target>
  <caom2:telescope>
    <caom2:name>DAO 1.2-m</caom2:name>
    <caom2:geoLocationX>-2331226.7854122813</caom2:geoLocationX>
    <caom2:geoLocationY>-3532798.978466634</caom2:geoLocationY>
    <caom2:geoLocationZ>4755607.337178416</caom2:geoLocationZ>
  </caom2:telescope>
  <caom2:instrument>
    <caom2:name>McKellar Spectrograph</caom2:name>
  </caom2:instrument>
  <caom2:environment>
    <caom2:humidity>97.0</caom2:humidity>
    <caom2:photometric>false</caom2:photometric>
  </caom2:environment>
  <caom2:planes>
    <caom2:plane caom2:id="00000000-0000-0000-bd8f-015445115c1f" caom2:lastModified="2016-04-23T21:40:46.977" caom2:maxLastModified="2017-11-20T04:52:40.457" caom2:metaChecksum="md5:381c92f192f271298203f72b73538562" caom2:accMetaChecksum="md5:8a71b2ec27c05de8a7626de31462938e" caom2:metaProducer="dao2caom2/0.3.1">
      <caom2:productID>dao_c122_2007_000919</caom2:productID>
      <caom2:metaRelease>2007-01-25T22:18:22.000</caom2:metaRelease>
      <caom2:dataRelease>2007-01-25T22:18:22.000</caom2:dataRelease>
      <caom2:dataProductType>spectrum</caom2:dataProductType>
      <caom2:calibrationLevel>1</caom2:calibrationLevel>
      <caom2:provenance>
        <caom2:name>DAO unprocessed data</caom2:name>
        <caom2:project>DAO Science Archive</caom2:project>
        <caom2:producer>NRC Herzberg</caom2:producer>
        <caom2:reference>https://www.cadc-ccda.hia-iha.nrc-cnrc.gc.ca/en/dao/</caom2:reference>
      </caom2:provenance>
      <caom2:artifacts>
        <caom2:artifact caom2:id="00000000-0000-0000-bd8f-015445115c27" caom2:lastModified="2017-11-20T04:52:40.457" caom2:maxLastModified="2017-11-20T04:52:40.457" caom2:metaChecksum="md5:49e9ffd28724c42edec90ca65763bf93" caom2:accMetaChecksum="md5:3525fd22beb1772fe2b66c2182fbaa02" caom2:metaProducer="dao2caom2/0.3.1">
          <caom2:uri>cadc:DAO/dao_c122_2007_000919.fits</caom2:uri>
          <caom2:productType>calibration</caom2:productType>
          <caom2:releaseType>data</caom2:releaseType>
          <caom2:contentType>application/fits</caom2:contentType>
          <caom2:contentChecksum>md5:2e3c53524f963b361843cd6693c0875a</caom2:contentChecksum>
          <caom2:parts>
            <caom2:part caom2:id="00000000-0000-0000-bd8f-015445115c29" caom2:lastModified="2016-04-23T21:40:46.977" caom2:maxLastModified="2016-04-23T21:40:46.977" caom2:metaChecksum="md5:c73364d7b42ca8b8506fb5d389b9e79a" caom2:accMetaChecksum="md5:21e919fd0ae596ffb5f600b36c56516f">
              <caom2:name>0</caom2:name>
              <caom2:chunks>
                <caom2:chunk caom2:id="00000000-0000-0000-bd8f-015445115c2b" caom2:lastModified="2017-04-04T20:17:01.360" caom2:maxLastModified="2017-04-04T20:17:01.360" caom2:metaChecksum="md5:2f0d6925df73188dc80f699f1b68a4b6" caom2:accMetaChecksum="md5:1f20731c0cc5f31a663a2d740bc7b885" caom2:metaProducer="dao2caom2/0.3.1">
                  <caom2:observable>
                    <caom2:dependent>
                      <caom2:axis>
                        <caom2:ctype>FLUX</caom2:ctype>
                        <caom2:cunit>COUNTS</caom2:cunit>
                      </caom2:axis>
                      <caom2:bin>1</caom2:bin>
                    </caom2:dependent>
                  </caom2:observable>
                  <caom2:energy>
                    <caom2:axis>
                      <caom2:axis>
                        <caom2:ctype>WAVE</caom2:ctype>
                        <caom2:cunit>m</caom2:cunit>
                      </caom2:axis>
                      <caom2:function>
                        <caom2:naxis>4200</caom2:naxis>
                        <caom2:delta>7.2e-12</caom2:delta>
                        <caom2:refCoord>
                          <caom2:pix>2048.5</caom2:pix>
                          <caom2:val>6.6e-07</caom2:val>
                        </caom2:refCoord>
                      </caom2:function>
                    </caom2:axis>
                    <caom2:specsys>TOPOCENT</caom2:specsys>
                    <caom2:ssysobs>TOPOCENT</caom2:ssysobs>
                    <caom2:ssyssrc>TOPOCENT</caom2:ssyssrc>
                    <caom2:resolvingPower>36666.66666666667</caom2:resolvingPower>
                  </caom2:energy>
                  <caom2:time>
                    <caom2:axis>
                      <caom2:axis>
                        <caom2:ctype>TIME</caom2:ctype>
                        <caom2:cunit>d</caom2:cunit>
                      </caom2:axis>
                      <caom2:function>
                        <caom2:naxis>1</caom2:naxis>
                        <caom2:delta>3.47222222222222e-05</caom2:delta>
                        <caom2:refCoord>
                          <caom2:pix>0.5</caom2:pix>
                          <caom2:val>54125.9294213</caom2:val>
                        </caom2:refCoord>
                      </caom2:function>
                    </caom2:axis>
                    <caom2:timesys>UTC</caom2:timesys>
                    <caom2:exposure>3.0</caom2:exposure>
                    <caom2:resolution>3.0</caom2:resolution>
                  </caom2:time>
                </caom2:chunk>
              </caom2:chunks>
            </caom2:part>
          </caom2:parts>
        </caom2:artifact>
      </caom2:artifacts>
    </caom2:plane>
  </caom2:planes>
</caom2:Observation>
