<?xml version='1.0' encoding='UTF-8'?>
<caom2:Observation xmlns:caom2="http://www.opencadc.org/caom2/xml/v2.4" xmlns:xsi="http://www.w3.org/2001/XMLSchema-instance" xsi:type="caom2:SimpleObservation" caom2:id="00000000-0000-0000-0a3f-0156f34d702c" caom2:lastModified="2017-04-05T05:16:52.530" caom2:maxLastModified="2017-11-21T00:38:15.213" caom2:metaChecksum="md5:4c37088eeeca270b3836339542ae8c36" caom2:accMetaChecksum="md5:99375eeb55c1c9de279b06a4088b8693" caom2:metaProducer="dao2caom2/0.3.1">
  <caom2:collection>DAO</caom2:collection>
  <caom2:observationID>dao_c182_2016_008346</caom2:observationID>
  <caom2:metaRelease>2016-09-04T03:37:01.000</caom2:metaRelease>
  <caom2:algorithm>
    <caom2:name>exposure</caom2:name>
  </caom2:algorithm>
  <caom2:type>bias</caom2:type>
  <caom2:intent>calibration</caom2:intent>
  <caom2:proposal>
    <caom2:id>DAO182_2016C4</caom2:id>
    <caom2:pi>Balam</caom2:pi>
  </caom2:proposal>
  <caom2:target>
    <caom2:name>bias</caom2:name>
    <caom2:type>field</caom2:type>
    <caom2:standard>false</caom2:standard>
    <caom2:moving>false</caom2:moving>
  </caom2:target>
  <caom2:telescope>
    <caom2:name>DAO 1.8-m</caom2:name>
    <caom2:geoLocationX>-2331180.0236165463</caom2:geoLocationX>
    <caom2:geoLocationY>-3532960.1603673417</caom2:geoLocationY>
    <caom2:geoLocationZ>4755520.510544372</caom2:geoLocationZ>
  </caom2:telescope>
  <caom2:instrument>
    <caom2:name>Newtonian Imager</caom2:name>
  </caom2:instrument>
  <caom2:environment>
    <caom2:humidity>71.0</caom2:humidity>
    <caom2:photometric>false</caom2:photometric>
  </caom2:environment>
  <caom2:planes>
    <caom2:plane caom2:id="00000000-0000-0000-0a3f-0156f34d78ae" caom2:lastModified="2016-09-04T03:42:44.363" caom2:maxLastModified="2017-11-21T00:38:15.213" caom2:metaChecksum="md5:71a92990b897474be2f3ac63daa17739" caom2:accMetaChecksum="md5:5c7d6530f3ced8d1c9dca099d3d9ec0d" caom2:metaProducer="dao2caom2/0.3.1">
      <caom2:productID>dao_c182_2016_008346</caom2:productID>
      <caom2:metaRelease>2016-09-04T03:37:01.000</caom2:metaRelease>
      <caom2:dataRelease>2016-09-04T03:37:36.000</caom2:dataRelease>
      <caom2:dataProductType>image</caom2:dataProductType>
      <caom2:calibrationLevel>1</caom2:calibrationLevel>
      <caom2:provenance>
        <caom2:name>DAO unprocessed data</caom2:name>
        <caom2:project>DAO Science Archive</caom2:project>
        <caom2:producer>NRC Herzberg</caom2:producer>
        <caom2:reference>https://www.cadc-ccda.hia-iha.nrc-cnrc.gc.ca/en/dao/</caom2:reference>
      </caom2:provenance>
      <caom2:artifacts>
        <caom2:artifact caom2:id="00000000-0000-0000-0a3f-0156f34d78b4" caom2:lastModified="2017-11-21T00:38:15.213" caom2:maxLastModified="2017-11-21T00:38:15.213" caom2:metaChecksum="md5:4b010485dda4b9a39ecee6b507f8d742" caom2:accMetaChecksum="md5:7dce7c06d76dff6ddb6028437d10a5ee" caom2:metaProducer="dao2caom2/0.3.1">
          <caom2:uri>cadc:DAO/dao_c182_2016_008346.fits</caom2:uri>
          <caom2:productType>calibration</caom2:productType>
          <caom2:releaseType>data</caom2:releaseType>
          <caom2:contentType>application/fits</caom2:contentType>
          <caom2:contentChecksum>md5:25d4170b9f871e08112048529741e0a2</caom2:contentChecksum>
          <caom2:parts>
            <caom2:part caom2:id="00000000-0000-0000-0a3f-0156f34d78b6" caom2:lastModified="2016-09-04T03:42:44.363" caom2:maxLastModified="2016-09-04T03:42:44.363" caom2:metaChecksum="md5:8b68f10699813e514f587a86fe5841ad" caom2:accMetaChecksum="md5:2cdc67dff7991b89520e70611af6d93b">
              <caom2:name>0</caom2:name>
              <caom2:chunks>
                <caom2:chunk caom2:id="00000000-0000-0000-0a3f-0156f34d78b8" caom2:lastModified="2016-09-04T03:42:44.363" caom2:maxLastModified="2016-09-04T03:42:44.363" caom2:metaChecksum="md5:f03ea7a1d60fa1a20766ab0ae5df1864" caom2:accMetaChecksum="md5:efc18d0cfe9b7991f4cc70cd8c138d10" caom2:metaProducer="dao2caom2/0.3.1">
                  <caom2:time>
                    <caom2:axis>
                      <caom2:axis>
                        <caom2:ctype>TIME</caom2:ctype>
                        <caom2:cunit>d</caom2:cunit>
                      </caom2:axis>
                      <caom2:function>
                        <caom2:naxis>1</caom2:naxis>
                        <caom2:delta>0.0</caom2:delta>
                        <caom2:refCoord>
                          <caom2:pix>0.5</caom2:pix>
                          <caom2:val>57635.150706</caom2:val>
                        </caom2:refCoord>
                      </caom2:function>
                    </caom2:axis>
                    <caom2:timesys>UTC</caom2:timesys>
                    <caom2:exposure>0.0</caom2:exposure>
                    <caom2:resolution>0.0</caom2:resolution>
                  </caom2:time>
                </caom2:chunk>
              </caom2:chunks>
            </caom2:part>
          </caom2:parts>
        </caom2:artifact>
      </caom2:artifacts>
    </caom2:plane>
  </caom2:planes>
</caom2:Observation>
