<?xml version='1.0' encoding='UTF-8'?>
<caom2:Observation xmlns:caom2="http://www.opencadc.org/caom2/xml/v2.4" xmlns:xsi="http://www.w3.org/2001/XMLSchema-instance" xsi:type="caom2:SimpleObservation" caom2:id="00000000-0000-0000-af37-0158bb847b40" caom2:lastModified="2017-04-05T23:58:28.120" caom2:maxLastModified="2017-11-10T19:20:39.103" caom2:metaChecksum="md5:4ad7996abce4b8b9e2999f4d713bf7f4" caom2:accMetaChecksum="md5:c87162814d2cf0c30a368a66af6238ce" caom2:metaProducer="dao2caom2/0.3.1">
  <caom2:collection>DAO</caom2:collection>
  <caom2:observationID>dao_c122_2016_012734</caom2:observationID>
  <caom2:metaRelease>2016-12-01T14:58:54.000</caom2:metaRelease>
  <caom2:algorithm>
    <caom2:name>exposure</caom2:name>
  </caom2:algorithm>
  <caom2:type>bias</caom2:type>
  <caom2:intent>calibration</caom2:intent>
  <caom2:proposal>
    <caom2:id>DAO122_2016D9</caom2:id>
    <caom2:pi>Bohlender</caom2:pi>
  </caom2:proposal>
  <caom2:target>
    <caom2:name>bias</caom2:name>
    <caom2:type>object</caom2:type>
    <caom2:standard>false</caom2:standard>
    <caom2:moving>false</caom2:moving>
  </caom2:target>
  <caom2:telescope>
    <caom2:name>DAO 1.2-m</caom2:name>
    <caom2:geoLocationX>-2331226.7854122813</caom2:geoLocationX>
    <caom2:geoLocationY>-3532798.978466634</caom2:geoLocationY>
    <caom2:geoLocationZ>4755607.337178416</caom2:geoLocationZ>
  </caom2:telescope>
  <caom2:instrument>
    <caom2:name>McKellar Spectrograph</caom2:name>
  </caom2:instrument>
  <caom2:environment>
    <caom2:humidity>83.0</caom2:humidity>
    <caom2:photometric>false</caom2:photometric>
  </caom2:environment>
  <caom2:planes>
    <caom2:plane caom2:id="00000000-0000-0000-af37-0158bb8485ce" caom2:lastModified="2016-12-01T17:52:58.993" caom2:maxLastModified="2017-11-10T19:20:39.103" caom2:metaChecksum="md5:0175a39550b2a0ec1e6f8896de81c5d0" caom2:accMetaChecksum="md5:4b404c979f08ebd18e1c6ac3ee943874" caom2:metaProducer="dao2caom2/0.3.1">
      <caom2:productID>dao_c122_2016_012734</caom2:productID>
      <caom2:metaRelease>2016-12-01T14:58:54.000</caom2:metaRelease>
      <caom2:dataRelease>2016-12-01T14:59:16.000</caom2:dataRelease>
      <caom2:dataProductType>spectrum</caom2:dataProductType>
      <caom2:calibrationLevel>1</caom2:calibrationLevel>
      <caom2:provenance>
        <caom2:name>DAO unprocessed data</caom2:name>
        <caom2:project>DAO Science Archive</caom2:project>
        <caom2:producer>NRC Herzberg</caom2:producer>
        <caom2:reference>https://www.cadc-ccda.hia-iha.nrc-cnrc.gc.ca/en/dao/</caom2:reference>
      </caom2:provenance>
      <caom2:artifacts>
        <caom2:artifact caom2:id="00000000-0000-0000-af37-0158bb8485d5" caom2:lastModified="2017-11-10T19:20:39.103" caom2:maxLastModified="2017-11-10T19:20:39.103" caom2:metaChecksum="md5:97813bc0e0d672b262fbc0c54c567174" caom2:accMetaChecksum="md5:8cd34b391499693c47243edaa9b589dd" caom2:metaProducer="dao2caom2/0.3.1">
          <caom2:uri>cadc:DAO/dao_c122_2016_012734.fits</caom2:uri>
          <caom2:productType>calibration</caom2:productType>
          <caom2:releaseType>data</caom2:releaseType>
          <caom2:contentType>application/fits</caom2:contentType>
          <caom2:contentChecksum>md5:de0eb3784b077c2fe710c5183beaea1e</caom2:contentChecksum>
          <caom2:parts>
            <caom2:part caom2:id="00000000-0000-0000-af37-0158bb8485d6" caom2:lastModified="2016-12-01T17:52:58.993" caom2:maxLastModified="2016-12-01T17:52:58.993" caom2:metaChecksum="md5:31101a144ebe503bb39a545d9428d396" caom2:accMetaChecksum="md5:bd79cc095bfb63d137f1ceb750f4b9eb">
              <caom2:name>0</caom2:name>
              <caom2:chunks>
                <caom2:chunk caom2:id="00000000-0000-0000-af37-0158bb8485d8" caom2:lastModified="2016-12-01T17:52:58.993" caom2:maxLastModified="2016-12-01T17:52:58.993" caom2:metaChecksum="md5:2c2fb133051be383af098a990f0fde4b" caom2:accMetaChecksum="md5:5bfad0c5447812d40633a4908d7b5a95" caom2:metaProducer="dao2caom2/0.3.1">
                  <caom2:observable>
                    <caom2:dependent>
                      <caom2:axis>
                        <caom2:ctype>FLUX</caom2:ctype>
                        <caom2:cunit>COUNTS</caom2:cunit>
                      </caom2:axis>
                      <caom2:bin>1</caom2:bin>
                    </caom2:dependent>
                  </caom2:observable>
                  <caom2:time>
                    <caom2:axis>
                      <caom2:axis>
                        <caom2:ctype>TIME</caom2:ctype>
                        <caom2:cunit>d</caom2:cunit>
                      </caom2:axis>
                      <caom2:function>
                        <caom2:naxis>1</caom2:naxis>
                        <caom2:delta>0.0</caom2:delta>
                        <caom2:refCoord>
                          <caom2:pix>0.5</caom2:pix>
                          <caom2:val>57723.6242361</caom2:val>
                        </caom2:refCoord>
                      </caom2:function>
                    </caom2:axis>
                    <caom2:timesys>UTC</caom2:timesys>
                    <caom2:exposure>0.0</caom2:exposure>
                    <caom2:resolution>0.0</caom2:resolution>
                  </caom2:time>
                </caom2:chunk>
              </caom2:chunks>
            </caom2:part>
          </caom2:parts>
        </caom2:artifact>
      </caom2:artifacts>
    </caom2:plane>
  </caom2:planes>
</caom2:Observation>
