<?xml version='1.0' encoding='UTF-8'?>
<caom2:Observation xmlns:caom2="http://www.opencadc.org/caom2/xml/v2.4" xmlns:xsi="http://www.w3.org/2001/XMLSchema-instance" xsi:type="caom2:SimpleObservation" caom2:id="00000000-0000-0000-081a-015445112d9c" caom2:lastModified="2017-04-04T20:16:58.480" caom2:maxLastModified="2017-11-20T04:52:35.677" caom2:metaChecksum="md5:5e6cf7d2cea0b879bee9b83df482b80f" caom2:accMetaChecksum="md5:9a97772a9db0ad60cb88e9e84121d861" caom2:metaProducer="dao2caom2/0.3.1">
  <caom2:collection>DAO</caom2:collection>
  <caom2:observationID>dao_c122_2007_000917</caom2:observationID>
  <caom2:metaRelease>2007-01-25T22:17:32.000</caom2:metaRelease>
  <caom2:algorithm>
    <caom2:name>exposure</caom2:name>
  </caom2:algorithm>
  <caom2:type>flat</caom2:type>
  <caom2:intent>calibration</caom2:intent>
  <caom2:target>
    <caom2:name>FLAT</caom2:name>
    <caom2:type>object</caom2:type>
    <caom2:standard>false</caom2:standard>
    <caom2:moving>false</caom2:moving>
  </caom2:target>
  <caom2:telescope>
    <caom2:name>DAO 1.2-m</caom2:name>
    <caom2:geoLocationX>-2331226.7854122813</caom2:geoLocationX>
    <caom2:geoLocationY>-3532798.978466634</caom2:geoLocationY>
    <caom2:geoLocationZ>4755607.337178416</caom2:geoLocationZ>
  </caom2:telescope>
  <caom2:instrument>
    <caom2:name>McKellar Spectrograph</caom2:name>
  </caom2:instrument>
  <caom2:environment>
    <caom2:humidity>97.0</caom2:humidity>
    <caom2:photometric>false</caom2:photometric>
  </caom2:environment>
  <caom2:planes>
    <caom2:plane caom2:id="00000000-0000-0000-081a-0154451136f3" caom2:lastModified="2016-04-23T21:40:37.517" caom2:maxLastModified="2017-11-20T04:52:35.677" caom2:metaChecksum="md5:836471a85af9ba79ff75bd0852ec323e" caom2:accMetaChecksum="md5:892d2b9aa3a4014985d7379b85a5e501" caom2:metaProducer="dao2caom2/0.3.1">
      <caom2:productID>dao_c122_2007_000917</caom2:productID>
      <caom2:metaRelease>2007-01-25T22:17:32.000</caom2:metaRelease>
      <caom2:dataRelease>2007-01-25T22:17:32.000</caom2:dataRelease>
      <caom2:dataProductType>spectrum</caom2:dataProductType>
      <caom2:calibrationLevel>1</caom2:calibrationLevel>
      <caom2:provenance>
        <caom2:name>DAO unprocessed data</caom2:name>
        <caom2:project>DAO Science Archive</caom2:project>
        <caom2:producer>NRC Herzberg</caom2:producer>
        <caom2:reference>https://www.cadc-ccda.hia-iha.nrc-cnrc.gc.ca/en/dao/</caom2:reference>
      </caom2:provenance>
      <caom2:artifacts>
        <caom2:artifact caom2:id="00000000-0000-0000-081a-0154451136fb" caom2:lastModified="2017-11-20T04:52:35.677" caom2:maxLastModified="2017-11-20T04:52:35.677" caom2:metaChecksum="md5:83f379dbbc33df56f7f1676ac05c0141" caom2:accMetaChecksum="md5:3c5eafaf5356eb0a4890f77c034e0497" caom2:metaProducer="dao2caom2/0.3.1">
          <caom2:uri>cadc:DAO/dao_c122_2007_000917.fits</caom2:uri>
          <caom2:productType>calibration</caom2:productType>
          <caom2:releaseType>data</caom2:releaseType>
          <caom2:contentType>application/fits</caom2:contentType>
          <caom2:contentChecksum>md5:21b1421d1794684534010d06cfbabae1</caom2:contentChecksum>
          <caom2:parts>
            <caom2:part caom2:id="00000000-0000-0000-081a-0154451136fe" caom2:lastModified="2016-04-23T21:40:37.517" caom2:maxLastModified="2016-04-23T21:40:37.517" caom2:metaChecksum="md5:2c9c81bbda58a08d4e2bc7fafbdbab5c" caom2:accMetaChecksum="md5:d9a1552f3b27d1e4f445e9f3fffb69be">
              <caom2:name>0</caom2:name>
              <caom2:chunks>
                <caom2:chunk caom2:id="00000000-0000-0000-081a-015445113700" caom2:lastModified="2017-04-04T20:16:58.480" caom2:maxLastModified="2017-04-04T20:16:58.480" caom2:metaChecksum="md5:07fe3d41e2be4858a233b49ce68692f2" caom2:accMetaChecksum="md5:f765f7894d06a3538a570c43311c2015" caom2:metaProducer="dao2caom2/0.3.1">
                  <caom2:observable>
                    <caom2:dependent>
                      <caom2:axis>
                        <caom2:ctype>FLUX</caom2:ctype>
                        <caom2:cunit>COUNTS</caom2:cunit>
                      </caom2:axis>
                      <caom2:bin>1</caom2:bin>
                    </caom2:dependent>
                  </caom2:observable>
                  <caom2:energy>
                    <caom2:axis>
                      <caom2:axis>
                        <caom2:ctype>WAVE</caom2:ctype>
                        <caom2:cunit>m</caom2:cunit>
                      </caom2:axis>
                      <caom2:function>
                        <caom2:naxis>4200</caom2:naxis>
                        <caom2:delta>7.2e-12</caom2:delta>
                        <caom2:refCoord>
                          <caom2:pix>2048.5</caom2:pix>
                          <caom2:val>6.6e-07</caom2:val>
                        </caom2:refCoord>
                      </caom2:function>
                    </caom2:axis>
                    <caom2:specsys>TOPOCENT</caom2:specsys>
                    <caom2:ssysobs>TOPOCENT</caom2:ssysobs>
                    <caom2:ssyssrc>TOPOCENT</caom2:ssyssrc>
                    <caom2:resolvingPower>36666.66666666667</caom2:resolvingPower>
                  </caom2:energy>
                  <caom2:time>
                    <caom2:axis>
                      <caom2:axis>
                        <caom2:ctype>TIME</caom2:ctype>
                        <caom2:cunit>d</caom2:cunit>
                      </caom2:axis>
                      <caom2:function>
                        <caom2:naxis>1</caom2:naxis>
                        <caom2:delta>3.47222222222222e-05</caom2:delta>
                        <caom2:refCoord>
                          <caom2:pix>0.5</caom2:pix>
                          <caom2:val>54125.9288426</caom2:val>
                        </caom2:refCoord>
                      </caom2:function>
                    </caom2:axis>
                    <caom2:timesys>UTC</caom2:timesys>
                    <caom2:exposure>3.0</caom2:exposure>
                    <caom2:resolution>3.0</caom2:resolution>
                  </caom2:time>
                </caom2:chunk>
              </caom2:chunks>
            </caom2:part>
          </caom2:parts>
        </caom2:artifact>
      </caom2:artifacts>
    </caom2:plane>
  </caom2:planes>
</caom2:Observation>
