<?xml version='1.0' encoding='UTF-8'?>
<caom2:Observation xmlns:caom2="http://www.opencadc.org/caom2/xml/v2.4" xmlns:xsi="http://www.w3.org/2001/XMLSchema-instance" xsi:type="caom2:SimpleObservation" caom2:id="00000000-0000-0000-a8e2-0158ad7219ff" caom2:lastModified="2017-04-05T23:34:20.783" caom2:maxLastModified="2017-11-10T18:36:17.980" caom2:metaChecksum="md5:c96219bed81d14125732f37cd083dc6d" caom2:accMetaChecksum="md5:ebda381ff106ceaaf58f0250ef74a0f1" caom2:metaProducer="dao2caom2/0.3.1">
  <caom2:collection>DAOCADC</caom2:collection>
  <caom2:observationID>dao_c122_2007_000881</caom2:observationID>
  <caom2:metaRelease>2007-01-25T05:57:41.000</caom2:metaRelease>
  <caom2:algorithm>
    <caom2:name>exposure</caom2:name>
  </caom2:algorithm>
  <caom2:type>comparison</caom2:type>
  <caom2:intent>calibration</caom2:intent>
  <caom2:target>
    <caom2:name>th/ar</caom2:name>
    <caom2:type>object</caom2:type>
    <caom2:standard>false</caom2:standard>
    <caom2:moving>false</caom2:moving>
  </caom2:target>
  <caom2:telescope>
    <caom2:name>DAO 1.2-m</caom2:name>
    <caom2:geoLocationX>-2331226.7854122813</caom2:geoLocationX>
    <caom2:geoLocationY>-3532798.978466634</caom2:geoLocationY>
    <caom2:geoLocationZ>4755607.337178416</caom2:geoLocationZ>
  </caom2:telescope>
  <caom2:instrument>
    <caom2:name>McKellar Spectrograph</caom2:name>
  </caom2:instrument>
  <caom2:environment>
    <caom2:humidity>80.0</caom2:humidity>
    <caom2:photometric>false</caom2:photometric>
  </caom2:environment>
  <caom2:planes>
    <caom2:plane caom2:id="00000000-0000-0000-3f27-0158ad9213fa" caom2:lastModified="2017-11-10T18:36:17.980" caom2:maxLastModified="2017-11-10T18:36:17.980" caom2:metaChecksum="md5:5871a942872f8d2008bf041b9e70c5c4" caom2:accMetaChecksum="md5:de8ce14ba3b25ba26895d4688209a580" caom2:metaProducer="dao2caom2/0.3.1">
      <caom2:productID>dao_c122_2007_000881_e</caom2:productID>
      <caom2:metaRelease>2007-01-25T05:57:41.000</caom2:metaRelease>
      <caom2:dataRelease>2007-01-25T05:57:41.000</caom2:dataRelease>
      <caom2:dataProductType>spectrum</caom2:dataProductType>
      <caom2:calibrationLevel>2</caom2:calibrationLevel>
      <caom2:provenance>
        <caom2:name>cadcSpecPro</caom2:name>
        <caom2:version>1.0</caom2:version>
        <caom2:project>DAO Science Archive</caom2:project>
        <caom2:producer>NRC Herzberg</caom2:producer>
        <caom2:reference>https://www.cadc-ccda.hia-iha.nrc-cnrc.gc.ca/en/dao/</caom2:reference>
        <caom2:lastExecuted>2016-11-28T23:52:10.000</caom2:lastExecuted>
        <caom2:inputs>
          <caom2:planeURI>caom:DAO/dao_c122_2007_000865_B/dao_c122_2007_000865_B</caom2:planeURI>
          <caom2:planeURI>caom:DAO/dao_c122_2007_000916_F/dao_c122_2007_000916_F</caom2:planeURI>
          <caom2:planeURI>caom:DAO/dao_c122_2007_000881/dao_c122_2007_000881</caom2:planeURI>
        </caom2:inputs>
      </caom2:provenance>
      <caom2:artifacts>
        <caom2:artifact caom2:id="00000000-0000-0000-3f27-0158ad92140a" caom2:lastModified="2017-11-10T18:36:17.980" caom2:maxLastModified="2017-11-10T18:36:17.980" caom2:metaChecksum="md5:53acf326477c33002ce61f35c2d71f30" caom2:accMetaChecksum="md5:2ef79814b09e7601f299efd915ced760" caom2:metaProducer="dao2caom2/0.3.1">
          <caom2:uri>ad:DAOCADC/dao_c122_2007_000881_e.fits.gz</caom2:uri>
          <caom2:productType>calibration</caom2:productType>
          <caom2:releaseType>data</caom2:releaseType>
          <caom2:contentType>application/fits</caom2:contentType>
          <caom2:contentChecksum>md5:93fd65a5d8f204f1ed22d80dbf2ebc9c</caom2:contentChecksum>
          <caom2:parts>
            <caom2:part caom2:id="00000000-0000-0000-3f27-0158ad92140b" caom2:lastModified="2016-11-29T00:53:03.633" caom2:maxLastModified="2016-11-29T00:53:03.633" caom2:metaChecksum="md5:a9f56673c7562199bfd783da5125fa80" caom2:accMetaChecksum="md5:e97cce3fed2b99a4bc2a448a5663dfb0">
              <caom2:name>0</caom2:name>
              <caom2:chunks>
                <caom2:chunk caom2:id="00000000-0000-0000-3f27-0158ad92140d" caom2:lastModified="2016-11-29T00:53:03.633" caom2:maxLastModified="2016-11-29T00:53:03.633" caom2:metaChecksum="md5:e8cf2c11ba68eb40eccfeb6307a43997" caom2:accMetaChecksum="md5:6a51f9df7d18eedfddc4df523b8bd5b3" caom2:metaProducer="dao2caom2/0.3.1">
                  <caom2:naxis>1</caom2:naxis>
                  <caom2:energyAxis>1</caom2:energyAxis>
                  <caom2:observable>
                    <caom2:dependent>
                      <caom2:axis>
                        <caom2:ctype>FLUX</caom2:ctype>
                        <caom2:cunit>COUNTS</caom2:cunit>
                      </caom2:axis>
                      <caom2:bin>1</caom2:bin>
                    </caom2:dependent>
                  </caom2:observable>
                  <caom2:energy>
                    <caom2:axis>
                      <caom2:axis>
                        <caom2:ctype>WAVE</caom2:ctype>
                        <caom2:cunit>m</caom2:cunit>
                      </caom2:axis>
                      <caom2:function>
                        <caom2:naxis>4088</caom2:naxis>
                        <caom2:delta>7.28512251486631e-12</caom2:delta>
                        <caom2:refCoord>
                          <caom2:pix>1.0</caom2:pix>
                          <caom2:val>6.437811487889011e-07</caom2:val>
                        </caom2:refCoord>
                      </caom2:function>
                    </caom2:axis>
                    <caom2:specsys>TOPOCENT</caom2:specsys>
                    <caom2:ssysobs>TOPOCENT</caom2:ssysobs>
                    <caom2:ssyssrc>TOPOCENT</caom2:ssyssrc>
                    <caom2:resolvingPower>35347.718448120846</caom2:resolvingPower>
                  </caom2:energy>
                  <caom2:time>
                    <caom2:axis>
                      <caom2:axis>
                        <caom2:ctype>TIME</caom2:ctype>
                        <caom2:cunit>d</caom2:cunit>
                      </caom2:axis>
                      <caom2:function>
                        <caom2:naxis>1</caom2:naxis>
                        <caom2:delta>0.00011574074074074</caom2:delta>
                        <caom2:refCoord>
                          <caom2:pix>0.5</caom2:pix>
                          <caom2:val>54125.2483912</caom2:val>
                        </caom2:refCoord>
                      </caom2:function>
                    </caom2:axis>
                    <caom2:timesys>UTC</caom2:timesys>
                    <caom2:exposure>10.0</caom2:exposure>
                    <caom2:resolution>10.0</caom2:resolution>
                  </caom2:time>
                </caom2:chunk>
              </caom2:chunks>
            </caom2:part>
          </caom2:parts>
        </caom2:artifact>
      </caom2:artifacts>
    </caom2:plane>
  </caom2:planes>
</caom2:Observation>
