<?xml version='1.0' encoding='UTF-8'?>
<caom2:Observation xmlns:caom2="http://www.opencadc.org/caom2/xml/v2.4" xmlns:xsi="http://www.w3.org/2001/XMLSchema-instance" xsi:type="caom2:SimpleObservation" caom2:id="00000000-0000-0000-1ff9-016429081ff6" caom2:lastModified="2018-06-22T19:46:10.057" caom2:maxLastModified="2018-06-22T19:46:10.057" caom2:metaChecksum="md5:0b38be5f017b7d293e114f38e82f99f5" caom2:accMetaChecksum="md5:540a2d8da046d22dbd9b51e8e167f171" caom2:metaProducer="dao2caom2/0.3.1">
  <caom2:collection>DAO</caom2:collection>
  <caom2:observationID>dao_r182_1989_000372</caom2:observationID>
  <caom2:metaRelease>1989-07-11T05:22:44.000</caom2:metaRelease>
  <caom2:algorithm>
    <caom2:name>exposure</caom2:name>
  </caom2:algorithm>
  <caom2:type>comparison</caom2:type>
  <caom2:intent>calibration</caom2:intent>
  <caom2:target>
    <caom2:name>FE</caom2:name>
    <caom2:type>object</caom2:type>
    <caom2:standard>false</caom2:standard>
    <caom2:moving>false</caom2:moving>
  </caom2:target>
  <caom2:telescope>
    <caom2:name>DAO 1.8-m</caom2:name>
    <caom2:geoLocationX>-2331180.0236165463</caom2:geoLocationX>
    <caom2:geoLocationY>-3532960.1603673417</caom2:geoLocationY>
    <caom2:geoLocationZ>4755520.510544372</caom2:geoLocationZ>
  </caom2:telescope>
  <caom2:instrument>
    <caom2:name>Cassegrain Spectrograph</caom2:name>
  </caom2:instrument>
  <caom2:planes>
    <caom2:plane caom2:id="00000000-0000-0000-1ff9-016429082921" caom2:lastModified="2018-06-22T19:46:10.057" caom2:maxLastModified="2018-06-22T19:46:10.057" caom2:metaChecksum="md5:6a70edfdf953e8a7914ce01f82d14603" caom2:accMetaChecksum="md5:82e46f909ba4121134c27acaafd172ff" caom2:metaProducer="dao2caom2/0.3.1">
      <caom2:productID>dao_r182_1989_000372</caom2:productID>
      <caom2:metaRelease>1989-07-11T05:22:44.000</caom2:metaRelease>
      <caom2:dataRelease>1990-07-11T05:22:44.000</caom2:dataRelease>
      <caom2:dataProductType>spectrum</caom2:dataProductType>
      <caom2:calibrationLevel>1</caom2:calibrationLevel>
      <caom2:provenance>
        <caom2:name>DAO unprocessed data</caom2:name>
        <caom2:project>DAO Science Archive</caom2:project>
        <caom2:producer>NRC Herzberg</caom2:producer>
        <caom2:reference>https://www.cadc-ccda.hia-iha.nrc-cnrc.gc.ca/en/dao/</caom2:reference>
      </caom2:provenance>
      <caom2:artifacts>
        <caom2:artifact caom2:id="00000000-0000-0000-1ff9-016429082929" caom2:lastModified="2018-06-22T19:46:10.057" caom2:maxLastModified="2018-06-22T19:46:10.057" caom2:metaChecksum="md5:1133424deb98b65a4580f01a5f56c07a" caom2:accMetaChecksum="md5:f41c3eea3a3465870604a961ee2ece5f" caom2:metaProducer="dao2caom2/0.3.1">
          <caom2:uri>cadc:DAO/dao_r182_1989_000372.fits</caom2:uri>
          <caom2:productType>calibration</caom2:productType>
          <caom2:releaseType>data</caom2:releaseType>
          <caom2:contentType>application/fits</caom2:contentType>
          <caom2:contentChecksum>md5:252f5ad1b0f7b60cedd31315501cc3a5</caom2:contentChecksum>
          <caom2:parts>
            <caom2:part caom2:id="00000000-0000-0000-1ff9-01642908292b" caom2:lastModified="2018-06-22T19:46:10.057" caom2:maxLastModified="2018-06-22T19:46:10.057" caom2:metaChecksum="md5:653742dfc3f6eb3c1f306066d893d143" caom2:accMetaChecksum="md5:9bb0f44ff4e3880af75aad43e4551691">
              <caom2:name>0</caom2:name>
              <caom2:chunks>
                <caom2:chunk caom2:id="00000000-0000-0000-1ff9-01642908292c" caom2:lastModified="2018-06-22T19:46:10.057" caom2:maxLastModified="2018-06-22T19:46:10.057" caom2:metaChecksum="md5:e0c4778a8c9fc09fcbfb6c7a5c2151b7" caom2:accMetaChecksum="md5:0c2f1943faea6e528b63f72805179fb9" caom2:metaProducer="dao2caom2/0.3.1">
                  <caom2:observable>
                    <caom2:dependent>
                      <caom2:axis>
                        <caom2:ctype>FLUX</caom2:ctype>
                        <caom2:cunit>COUNTS</caom2:cunit>
                      </caom2:axis>
                      <caom2:bin>1</caom2:bin>
                    </caom2:dependent>
                  </caom2:observable>
                  <caom2:time>
                    <caom2:axis>
                      <caom2:axis>
                        <caom2:ctype>TIME</caom2:ctype>
                        <caom2:cunit>d</caom2:cunit>
                      </caom2:axis>
                      <caom2:function>
                        <caom2:naxis>1</caom2:naxis>
                        <caom2:delta>0.000138888888888888</caom2:delta>
                        <caom2:refCoord>
                          <caom2:pix>0.5</caom2:pix>
                          <caom2:val>47718.2241204</caom2:val>
                        </caom2:refCoord>
                      </caom2:function>
                    </caom2:axis>
                    <caom2:timesys>UTC</caom2:timesys>
                    <caom2:exposure>12.0</caom2:exposure>
                    <caom2:resolution>12.0</caom2:resolution>
                  </caom2:time>
                </caom2:chunk>
              </caom2:chunks>
            </caom2:part>
          </caom2:parts>
        </caom2:artifact>
      </caom2:artifacts>
    </caom2:plane>
  </caom2:planes>
</caom2:Observation>
