<?xml version='1.0' encoding='UTF-8'?>
<caom2:Observation xmlns:caom2="http://www.opencadc.org/caom2/xml/v2.4" xmlns:xsi="http://www.w3.org/2001/XMLSchema-instance" xsi:type="caom2:DerivedObservation" caom2:id="00000000-0000-0000-55f7-0158ad605b5b" caom2:lastModified="2017-11-10T18:35:21.377" caom2:maxLastModified="2017-11-10T18:35:21.377" caom2:metaChecksum="md5:db18a995ac6f67e3681a8d8ef50fc022" caom2:accMetaChecksum="md5:cb8a9e422cb5dcd9aa9f0c3d189bc74e" caom2:metaProducer="dao2caom2/0.3.1">
  <caom2:collection>DAOCADC</caom2:collection>
  <caom2:observationID>dao_c122_2007_000916_F</caom2:observationID>
  <caom2:metaRelease>2007-01-25T22:17:08.000</caom2:metaRelease>
  <caom2:algorithm>
    <caom2:name>cadcSpecPro</caom2:name>
  </caom2:algorithm>
  <caom2:type>flat</caom2:type>
  <caom2:intent>calibration</caom2:intent>
  <caom2:target>
    <caom2:name>FLAT</caom2:name>
    <caom2:standard>false</caom2:standard>
    <caom2:moving>false</caom2:moving>
  </caom2:target>
  <caom2:telescope>
    <caom2:name>DAO 1.2-m</caom2:name>
    <caom2:geoLocationX>-2331226.7854122813</caom2:geoLocationX>
    <caom2:geoLocationY>-3532798.978466634</caom2:geoLocationY>
    <caom2:geoLocationZ>4755607.337178416</caom2:geoLocationZ>
  </caom2:telescope>
  <caom2:instrument>
    <caom2:name>McKellar Spectrograph</caom2:name>
  </caom2:instrument>
  <caom2:environment>
    <caom2:humidity>97.0</caom2:humidity>
    <caom2:photometric>false</caom2:photometric>
  </caom2:environment>
  <caom2:planes>
    <caom2:plane caom2:id="00000000-0000-0000-55f7-0158ad606713" caom2:lastModified="2017-11-10T18:35:21.377" caom2:maxLastModified="2017-11-10T18:35:21.377" caom2:metaChecksum="md5:cb6c7d3579406f73a571ca8b3b2a8f51" caom2:accMetaChecksum="md5:292f1629fb9bd6be55f088622e98e561" caom2:metaProducer="dao2caom2/0.3.1">
      <caom2:productID>dao_c122_2007_000916_F</caom2:productID>
      <caom2:metaRelease>2007-01-25T22:17:08.000</caom2:metaRelease>
      <caom2:dataRelease>2007-01-25T22:17:08.000</caom2:dataRelease>
      <caom2:dataProductType>spectrum</caom2:dataProductType>
      <caom2:calibrationLevel>2</caom2:calibrationLevel>
      <caom2:provenance>
        <caom2:name>cadcSpecPro</caom2:name>
        <caom2:version>1.0</caom2:version>
        <caom2:project>DAO Science Archive</caom2:project>
        <caom2:producer>NRC Herzberg</caom2:producer>
        <caom2:reference>https://www.cadc-ccda.hia-iha.nrc-cnrc.gc.ca/en/dao/</caom2:reference>
        <caom2:lastExecuted>2016-11-28T23:51:38.000</caom2:lastExecuted>
        <caom2:inputs>
          <caom2:planeURI>caom:DAO/dao_c122_2007_000923/dao_c122_2007_000923</caom2:planeURI>
          <caom2:planeURI>caom:DAO/dao_c122_2007_000918/dao_c122_2007_000918</caom2:planeURI>
          <caom2:planeURI>caom:DAO/dao_c122_2007_000922/dao_c122_2007_000922</caom2:planeURI>
          <caom2:planeURI>caom:DAO/dao_c122_2007_000926/dao_c122_2007_000926</caom2:planeURI>
          <caom2:planeURI>caom:DAO/dao_c122_2007_000917/dao_c122_2007_000917</caom2:planeURI>
          <caom2:planeURI>caom:DAO/dao_c122_2007_000924/dao_c122_2007_000924</caom2:planeURI>
          <caom2:planeURI>caom:DAO/dao_c122_2007_000919/dao_c122_2007_000919</caom2:planeURI>
          <caom2:planeURI>caom:DAO/dao_c122_2007_000925/dao_c122_2007_000925</caom2:planeURI>
          <caom2:planeURI>caom:DAO/dao_c122_2007_000920/dao_c122_2007_000920</caom2:planeURI>
          <caom2:planeURI>caom:DAO/dao_c122_2007_000916/dao_c122_2007_000916</caom2:planeURI>
          <caom2:planeURI>caom:DAO/dao_c122_2007_000865_B/dao_c122_2007_000865_B</caom2:planeURI>
          <caom2:planeURI>caom:DAO/dao_c122_2007_000921/dao_c122_2007_000921</caom2:planeURI>
        </caom2:inputs>
      </caom2:provenance>
      <caom2:artifacts>
        <caom2:artifact caom2:id="00000000-0000-0000-55f7-0158ad60671e" caom2:lastModified="2017-11-10T18:35:21.377" caom2:maxLastModified="2017-11-10T18:35:21.377" caom2:metaChecksum="md5:9459f4901f96a75e672d107e0360a138" caom2:accMetaChecksum="md5:682010c2e7572d169d486db601fd025e" caom2:metaProducer="dao2caom2/0.3.1">
          <caom2:uri>ad:DAOCADC/dao_c122_2007_000916_F.fits.gz</caom2:uri>
          <caom2:productType>calibration</caom2:productType>
          <caom2:releaseType>data</caom2:releaseType>
          <caom2:contentType>application/fits</caom2:contentType>
          <caom2:contentChecksum>md5:bcb0ce7f2256266cf7177999fba453de</caom2:contentChecksum>
          <caom2:parts>
            <caom2:part caom2:id="00000000-0000-0000-55f7-0158ad60671f" caom2:lastModified="2016-11-28T23:58:48.227" caom2:maxLastModified="2016-11-28T23:58:48.227" caom2:metaChecksum="md5:09fb0c7abfdc47c03d8ddc965e65e655" caom2:accMetaChecksum="md5:9da16d544f93e8e02387bf33411ec7cb">
              <caom2:name>0</caom2:name>
              <caom2:chunks>
                <caom2:chunk caom2:id="00000000-0000-0000-55f7-0158ad606721" caom2:lastModified="2016-11-28T23:58:48.227" caom2:maxLastModified="2016-11-28T23:58:48.227" caom2:metaChecksum="md5:d231b6f49dc8b428cb1bafea84804486" caom2:accMetaChecksum="md5:acfd6e0c7142700ed1103d3a66d65ce4" caom2:metaProducer="dao2caom2/0.3.1">
                  <caom2:observable>
                    <caom2:dependent>
                      <caom2:axis>
                        <caom2:ctype>FLUX</caom2:ctype>
                        <caom2:cunit>COUNTS</caom2:cunit>
                      </caom2:axis>
                      <caom2:bin>1</caom2:bin>
                    </caom2:dependent>
                  </caom2:observable>
                  <caom2:time>
                    <caom2:axis>
                      <caom2:axis>
                        <caom2:ctype>TIME</caom2:ctype>
                        <caom2:cunit>d</caom2:cunit>
                      </caom2:axis>
                      <caom2:function>
                        <caom2:naxis>1</caom2:naxis>
                        <caom2:delta>0.000381954756944444</caom2:delta>
                        <caom2:refCoord>
                          <caom2:pix>0.5</caom2:pix>
                          <caom2:val>54125.9285648</caom2:val>
                        </caom2:refCoord>
                      </caom2:function>
                    </caom2:axis>
                    <caom2:timesys>UTC</caom2:timesys>
                    <caom2:exposure>33.000891</caom2:exposure>
                    <caom2:resolution>3.000081</caom2:resolution>
                  </caom2:time>
                </caom2:chunk>
              </caom2:chunks>
            </caom2:part>
          </caom2:parts>
        </caom2:artifact>
      </caom2:artifacts>
    </caom2:plane>
  </caom2:planes>
  <caom2:members>
    <caom2:observationURI>caom:DAO/dao_c122_2007_000922</caom2:observationURI>
    <caom2:observationURI>caom:DAO/dao_c122_2007_000925</caom2:observationURI>
    <caom2:observationURI>caom:DAO/dao_c122_2007_000926</caom2:observationURI>
    <caom2:observationURI>caom:DAO/dao_c122_2007_000920</caom2:observationURI>
    <caom2:observationURI>caom:DAO/dao_c122_2007_000916</caom2:observationURI>
    <caom2:observationURI>caom:DAO/dao_c122_2007_000917</caom2:observationURI>
    <caom2:observationURI>caom:DAO/dao_c122_2007_000924</caom2:observationURI>
    <caom2:observationURI>caom:DAO/dao_c122_2007_000919</caom2:observationURI>
    <caom2:observationURI>caom:DAO/dao_c122_2007_000921</caom2:observationURI>
    <caom2:observationURI>caom:DAO/dao_c122_2007_000923</caom2:observationURI>
    <caom2:observationURI>caom:DAO/dao_c122_2007_000918</caom2:observationURI>
  </caom2:members>
</caom2:Observation>
