<?xml version='1.0' encoding='UTF-8'?>
<caom2:Observation xmlns:caom2="http://www.opencadc.org/caom2/xml/v2.4" xmlns:xsi="http://www.w3.org/2001/XMLSchema-instance" xsi:type="caom2:SimpleObservation" caom2:id="00000000-0000-0000-cd66-0156f34d9c0f" caom2:lastModified="2017-04-05T05:16:53.103" caom2:maxLastModified="2017-11-21T00:38:17.177" caom2:metaChecksum="md5:d0b607cc2e96d7e9d6e4d8898baf2d16" caom2:accMetaChecksum="md5:9d4522d2dea8c4a04042e2dc5694309e" caom2:metaProducer="dao2caom2/0.3.1">
  <caom2:collection>DAO</caom2:collection>
  <caom2:observationID>dao_c182_2016_008347</caom2:observationID>
  <caom2:metaRelease>2016-09-04T03:37:37.000</caom2:metaRelease>
  <caom2:algorithm>
    <caom2:name>exposure</caom2:name>
  </caom2:algorithm>
  <caom2:type>bias</caom2:type>
  <caom2:intent>calibration</caom2:intent>
  <caom2:proposal>
    <caom2:id>DAO182_2016C4</caom2:id>
    <caom2:pi>Balam</caom2:pi>
  </caom2:proposal>
  <caom2:target>
    <caom2:name>bias</caom2:name>
    <caom2:type>field</caom2:type>
    <caom2:standard>false</caom2:standard>
    <caom2:moving>false</caom2:moving>
  </caom2:target>
  <caom2:telescope>
    <caom2:name>DAO 1.8-m</caom2:name>
    <caom2:geoLocationX>-2331180.0236165463</caom2:geoLocationX>
    <caom2:geoLocationY>-3532960.1603673417</caom2:geoLocationY>
    <caom2:geoLocationZ>4755520.510544372</caom2:geoLocationZ>
  </caom2:telescope>
  <caom2:instrument>
    <caom2:name>Newtonian Imager</caom2:name>
  </caom2:instrument>
  <caom2:environment>
    <caom2:humidity>71.0</caom2:humidity>
    <caom2:photometric>false</caom2:photometric>
  </caom2:environment>
  <caom2:planes>
    <caom2:plane caom2:id="00000000-0000-0000-cd66-0156f34da41b" caom2:lastModified="2016-09-04T03:42:58.610" caom2:maxLastModified="2017-11-21T00:38:17.177" caom2:metaChecksum="md5:8bdc56250f3f65e51d6cc73627a51bd9" caom2:accMetaChecksum="md5:cfd8627a41e2d0ed9b9fa218375185de" caom2:metaProducer="dao2caom2/0.3.1">
      <caom2:productID>dao_c182_2016_008347</caom2:productID>
      <caom2:metaRelease>2016-09-04T03:37:37.000</caom2:metaRelease>
      <caom2:dataRelease>2016-09-04T03:38:12.000</caom2:dataRelease>
      <caom2:dataProductType>image</caom2:dataProductType>
      <caom2:calibrationLevel>1</caom2:calibrationLevel>
      <caom2:provenance>
        <caom2:name>DAO unprocessed data</caom2:name>
        <caom2:project>DAO Science Archive</caom2:project>
        <caom2:producer>NRC Herzberg</caom2:producer>
        <caom2:reference>https://www.cadc-ccda.hia-iha.nrc-cnrc.gc.ca/en/dao/</caom2:reference>
      </caom2:provenance>
      <caom2:artifacts>
        <caom2:artifact caom2:id="00000000-0000-0000-cd66-0156f34da421" caom2:lastModified="2017-11-21T00:38:17.177" caom2:maxLastModified="2017-11-21T00:38:17.177" caom2:metaChecksum="md5:4d1e7eb813dfeb401617b74cf60588cb" caom2:accMetaChecksum="md5:62bb2e697bd5d6b5b1cac478f1c970dd" caom2:metaProducer="dao2caom2/0.3.1">
          <caom2:uri>cadc:DAO/dao_c182_2016_008347.fits</caom2:uri>
          <caom2:productType>calibration</caom2:productType>
          <caom2:releaseType>data</caom2:releaseType>
          <caom2:contentType>application/fits</caom2:contentType>
          <caom2:contentChecksum>md5:b73576e7c8213e270bb9617d55b82a95</caom2:contentChecksum>
          <caom2:parts>
            <caom2:part caom2:id="00000000-0000-0000-cd66-0156f34da423" caom2:lastModified="2016-09-04T03:42:58.610" caom2:maxLastModified="2016-09-04T03:42:58.610" caom2:metaChecksum="md5:db117a9165d4809495f121a0827fc7ab" caom2:accMetaChecksum="md5:0a1d51d3acbd9684730637a3da767955">
              <caom2:name>0</caom2:name>
              <caom2:chunks>
                <caom2:chunk caom2:id="00000000-0000-0000-cd66-0156f34da425" caom2:lastModified="2016-09-04T03:42:58.610" caom2:maxLastModified="2016-09-04T03:42:58.610" caom2:metaChecksum="md5:466f71a82e941011675057f21b0b7f52" caom2:accMetaChecksum="md5:049a78e343ad004ee2a93630919d8c27" caom2:metaProducer="dao2caom2/0.3.1">
                  <caom2:time>
                    <caom2:axis>
                      <caom2:axis>
                        <caom2:ctype>TIME</caom2:ctype>
                        <caom2:cunit>d</caom2:cunit>
                      </caom2:axis>
                      <caom2:function>
                        <caom2:naxis>1</caom2:naxis>
                        <caom2:delta>0.0</caom2:delta>
                        <caom2:refCoord>
                          <caom2:pix>0.5</caom2:pix>
                          <caom2:val>57635.1511227</caom2:val>
                        </caom2:refCoord>
                      </caom2:function>
                    </caom2:axis>
                    <caom2:timesys>UTC</caom2:timesys>
                    <caom2:exposure>0.0</caom2:exposure>
                    <caom2:resolution>0.0</caom2:resolution>
                  </caom2:time>
                </caom2:chunk>
              </caom2:chunks>
            </caom2:part>
          </caom2:parts>
        </caom2:artifact>
      </caom2:artifacts>
    </caom2:plane>
  </caom2:planes>
</caom2:Observation>
