<?xml version='1.0' encoding='UTF-8'?>
<caom2:Observation xmlns:caom2="http://www.opencadc.org/caom2/xml/v2.4" xmlns:xsi="http://www.w3.org/2001/XMLSchema-instance" xsi:type="caom2:DerivedObservation" caom2:id="00000000-0000-0000-3b09-016664a144d9" caom2:lastModified="2018-10-11T19:36:30.707" caom2:maxLastModified="2018-10-11T19:36:30.707" caom2:metaChecksum="md5:21821e5f944ba218db529e9904aa0b5d" caom2:accMetaChecksum="md5:49aa4013850b72478dbd1f0091e003e2" caom2:metaProducer="dao2caom2/0.3.1">
  <caom2:collection>DAOCADC</caom2:collection>
  <caom2:observationID>dao_c182_2016_008332_B</caom2:observationID>
  <caom2:metaRelease>2016-09-04T03:28:38.000</caom2:metaRelease>
  <caom2:algorithm>
    <caom2:name>Spaceguard_C</caom2:name>
  </caom2:algorithm>
  <caom2:type>bias</caom2:type>
  <caom2:intent>calibration</caom2:intent>
  <caom2:proposal>
    <caom2:id>DAO182_2016C4</caom2:id>
    <caom2:pi>Balam</caom2:pi>
  </caom2:proposal>
  <caom2:target>
    <caom2:name>processed bias</caom2:name>
    <caom2:type>field</caom2:type>
    <caom2:standard>false</caom2:standard>
    <caom2:moving>false</caom2:moving>
  </caom2:target>
  <caom2:telescope>
    <caom2:name>DAO 1.8-m</caom2:name>
    <caom2:geoLocationX>-2331180.023616546</caom2:geoLocationX>
    <caom2:geoLocationY>-3532960.1603673426</caom2:geoLocationY>
    <caom2:geoLocationZ>4755520.510544373</caom2:geoLocationZ>
  </caom2:telescope>
  <caom2:instrument>
    <caom2:name>Newtonian Imager</caom2:name>
  </caom2:instrument>
  <caom2:environment>
    <caom2:humidity>71.0</caom2:humidity>
    <caom2:photometric>false</caom2:photometric>
  </caom2:environment>
  <caom2:planes>
    <caom2:plane caom2:id="00000000-0000-0000-3b09-016664a151fa" caom2:lastModified="2018-10-11T19:36:30.707" caom2:maxLastModified="2018-10-11T19:36:30.707" caom2:metaChecksum="md5:596b6b6588f86b3f7e936e8d452d7519" caom2:accMetaChecksum="md5:d09f0866265abc6b6c73c8084bad253a" caom2:metaProducer="dao2caom2/0.3.1">
      <caom2:productID>dao_c182_2016_008332_B</caom2:productID>
      <caom2:metaRelease>2016-09-04T03:28:38.000</caom2:metaRelease>
      <caom2:dataRelease>2016-09-04T03:29:13.000</caom2:dataRelease>
      <caom2:dataProductType>image</caom2:dataProductType>
      <caom2:calibrationLevel>2</caom2:calibrationLevel>
      <caom2:provenance>
        <caom2:name>Spaceguard_C</caom2:name>
        <caom2:version>1.0</caom2:version>
        <caom2:project>DAO Science Archive</caom2:project>
        <caom2:producer>Spaceguard_C</caom2:producer>
        <caom2:reference>https://www.cadc-ccda.hia-iha.nrc-cnrc.gc.ca/en/dao/</caom2:reference>
        <caom2:lastExecuted>2018-10-07T02:28:23.000</caom2:lastExecuted>
        <caom2:inputs>
          <caom2:planeURI>caom:DAO/dao_c182_2016_008338/dao_c182_2016_008338</caom2:planeURI>
          <caom2:planeURI>caom:DAO/dao_c182_2016_008341/dao_c182_2016_008341</caom2:planeURI>
          <caom2:planeURI>caom:DAO/dao_c182_2016_008332/dao_c182_2016_008332</caom2:planeURI>
          <caom2:planeURI>caom:DAO/dao_c182_2016_008343/dao_c182_2016_008343</caom2:planeURI>
          <caom2:planeURI>caom:DAO/dao_c182_2016_008339/dao_c182_2016_008339</caom2:planeURI>
          <caom2:planeURI>caom:DAO/dao_c182_2016_008336/dao_c182_2016_008336</caom2:planeURI>
          <caom2:planeURI>caom:DAO/dao_c182_2016_008334/dao_c182_2016_008334</caom2:planeURI>
          <caom2:planeURI>caom:DAO/dao_c182_2016_008346/dao_c182_2016_008346</caom2:planeURI>
          <caom2:planeURI>caom:DAO/dao_c182_2016_008344/dao_c182_2016_008344</caom2:planeURI>
          <caom2:planeURI>caom:DAO/dao_c182_2016_008347/dao_c182_2016_008347</caom2:planeURI>
          <caom2:planeURI>caom:DAO/dao_c182_2016_008333/dao_c182_2016_008333</caom2:planeURI>
          <caom2:planeURI>caom:DAO/dao_c182_2016_008340/dao_c182_2016_008340</caom2:planeURI>
          <caom2:planeURI>caom:DAO/dao_c182_2016_008335/dao_c182_2016_008335</caom2:planeURI>
          <caom2:planeURI>caom:DAO/dao_c182_2016_008342/dao_c182_2016_008342</caom2:planeURI>
          <caom2:planeURI>caom:DAO/dao_c182_2016_008337/dao_c182_2016_008337</caom2:planeURI>
          <caom2:planeURI>caom:DAO/dao_c182_2016_008345/dao_c182_2016_008345</caom2:planeURI>
        </caom2:inputs>
      </caom2:provenance>
      <caom2:artifacts>
        <caom2:artifact caom2:id="00000000-0000-0000-3b09-016664a15205" caom2:lastModified="2018-10-11T19:36:30.707" caom2:maxLastModified="2018-10-11T19:36:30.707" caom2:metaChecksum="md5:06a2caced042194d40bc453cd66105d7" caom2:accMetaChecksum="md5:04671fd5f52d30ac5f3cdca037c59006" caom2:metaProducer="dao2caom2/0.3.1">
          <caom2:uri>cadc:DAOCADC/dao_c182_2016_008332_B.fits</caom2:uri>
          <caom2:productType>calibration</caom2:productType>
          <caom2:releaseType>data</caom2:releaseType>
          <caom2:contentType>application/fits</caom2:contentType>
          <caom2:contentChecksum>md5:a6b5d08d0a5b2786b26cd4f48c3135f5</caom2:contentChecksum>
          <caom2:parts>
            <caom2:part caom2:id="00000000-0000-0000-3b09-016664a15207" caom2:lastModified="2018-10-11T19:36:30.707" caom2:maxLastModified="2018-10-11T19:36:30.707" caom2:metaChecksum="md5:5363263447302b1e42fe648b47130c49" caom2:accMetaChecksum="md5:d7754b4b965ae99192320189d405da0f">
              <caom2:name>0</caom2:name>
              <caom2:chunks>
                <caom2:chunk caom2:id="00000000-0000-0000-3b09-016664a1520e" caom2:lastModified="2018-10-11T19:36:30.707" caom2:maxLastModified="2018-10-11T19:36:30.707" caom2:metaChecksum="md5:1155d864fc8dcef25e15f75e9054bfe3" caom2:accMetaChecksum="md5:614d86bf50be9ab0e306444dcfa66229" caom2:metaProducer="dao2caom2/0.3.1">
                  <caom2:time>
                    <caom2:axis>
                      <caom2:axis>
                        <caom2:ctype>TIME</caom2:ctype>
                        <caom2:cunit>d</caom2:cunit>
                      </caom2:axis>
                      <caom2:function>
                        <caom2:naxis>1</caom2:naxis>
                        <caom2:delta>0.0</caom2:delta>
                        <caom2:refCoord>
                          <caom2:pix>0.5</caom2:pix>
                          <caom2:val>57635.1448843</caom2:val>
                        </caom2:refCoord>
                      </caom2:function>
                    </caom2:axis>
                    <caom2:timesys>UTC</caom2:timesys>
                    <caom2:exposure>0.0</caom2:exposure>
                    <caom2:resolution>0.0</caom2:resolution>
                  </caom2:time>
                </caom2:chunk>
              </caom2:chunks>
            </caom2:part>
          </caom2:parts>
        </caom2:artifact>
      </caom2:artifacts>
    </caom2:plane>
  </caom2:planes>
  <caom2:members>
    <caom2:observationURI>caom:DAO/dao_c182_2016_008337</caom2:observationURI>
    <caom2:observationURI>caom:DAO/dao_c182_2016_008334</caom2:observationURI>
    <caom2:observationURI>caom:DAO/dao_c182_2016_008346</caom2:observationURI>
    <caom2:observationURI>caom:DAO/dao_c182_2016_008345</caom2:observationURI>
    <caom2:observationURI>caom:DAO/dao_c182_2016_008342</caom2:observationURI>
    <caom2:observationURI>caom:DAO/dao_c182_2016_008332</caom2:observationURI>
    <caom2:observationURI>caom:DAO/dao_c182_2016_008339</caom2:observationURI>
    <caom2:observationURI>caom:DAO/dao_c182_2016_008335</caom2:observationURI>
    <caom2:observationURI>caom:DAO/dao_c182_2016_008340</caom2:observationURI>
    <caom2:observationURI>caom:DAO/dao_c182_2016_008336</caom2:observationURI>
    <caom2:observationURI>caom:DAO/dao_c182_2016_008341</caom2:observationURI>
    <caom2:observationURI>caom:DAO/dao_c182_2016_008344</caom2:observationURI>
    <caom2:observationURI>caom:DAO/dao_c182_2016_008343</caom2:observationURI>
    <caom2:observationURI>caom:DAO/dao_c182_2016_008338</caom2:observationURI>
    <caom2:observationURI>caom:DAO/dao_c182_2016_008333</caom2:observationURI>
    <caom2:observationURI>caom:DAO/dao_c182_2016_008347</caom2:observationURI>
  </caom2:members>
</caom2:Observation>
