<?xml version='1.0' encoding='UTF-8'?>
<caom2:Observation xmlns:caom2="http://www.opencadc.org/caom2/xml/v2.4" xmlns:xsi="http://www.w3.org/2001/XMLSchema-instance" xsi:type="caom2:DerivedObservation" caom2:id="00000000-0000-0000-e481-0158c157d65b" caom2:lastModified="2017-11-10T19:20:57.160" caom2:maxLastModified="2017-11-10T19:20:57.160" caom2:metaChecksum="md5:9d87d7da56d502624dec80a54d1e1c88" caom2:accMetaChecksum="md5:5f81cb5dd1ad1ad316004d54d170742e" caom2:metaProducer="dao2caom2/0.3.1">
  <caom2:collection>DAOCADC</caom2:collection>
  <caom2:observationID>dao_c122_2016_012652_B</caom2:observationID>
  <caom2:metaRelease>2016-12-01T01:08:02.000</caom2:metaRelease>
  <caom2:algorithm>
    <caom2:name>cadcSpecPro</caom2:name>
  </caom2:algorithm>
  <caom2:type>bias</caom2:type>
  <caom2:intent>calibration</caom2:intent>
  <caom2:proposal>
    <caom2:id>DAO122_2016D9</caom2:id>
    <caom2:pi>Bohlender</caom2:pi>
  </caom2:proposal>
  <caom2:target>
    <caom2:name>Processed bias</caom2:name>
    <caom2:standard>false</caom2:standard>
    <caom2:moving>false</caom2:moving>
  </caom2:target>
  <caom2:telescope>
    <caom2:name>DAO 1.2-m</caom2:name>
    <caom2:geoLocationX>-2331226.7854122813</caom2:geoLocationX>
    <caom2:geoLocationY>-3532798.978466634</caom2:geoLocationY>
    <caom2:geoLocationZ>4755607.337178416</caom2:geoLocationZ>
  </caom2:telescope>
  <caom2:instrument>
    <caom2:name>McKellar Spectrograph</caom2:name>
  </caom2:instrument>
  <caom2:environment>
    <caom2:humidity>83.0</caom2:humidity>
    <caom2:photometric>false</caom2:photometric>
  </caom2:environment>
  <caom2:planes>
    <caom2:plane caom2:id="00000000-0000-0000-e481-0158c157e481" caom2:lastModified="2016-12-02T21:01:55.640" caom2:maxLastModified="2017-11-10T19:20:57.160" caom2:metaChecksum="md5:c16fc83e9856f352229ebce462c5bf6e" caom2:accMetaChecksum="md5:6514338f21774b99770284fbf6b20974" caom2:metaProducer="dao2caom2/0.3.1">
      <caom2:productID>dao_c122_2016_012652_B</caom2:productID>
      <caom2:metaRelease>2016-12-01T01:08:02.000</caom2:metaRelease>
      <caom2:dataRelease>2016-12-01T01:08:24.000</caom2:dataRelease>
      <caom2:dataProductType>spectrum</caom2:dataProductType>
      <caom2:calibrationLevel>2</caom2:calibrationLevel>
      <caom2:provenance>
        <caom2:name>cadcSpecPro</caom2:name>
        <caom2:version>1.0</caom2:version>
        <caom2:project>DAO Science Archive</caom2:project>
        <caom2:producer>NRC Herzberg</caom2:producer>
        <caom2:reference>https://www.cadc-ccda.hia-iha.nrc-cnrc.gc.ca/en/dao/</caom2:reference>
        <caom2:lastExecuted>2016-12-02T01:40:58.000</caom2:lastExecuted>
        <caom2:inputs>
          <caom2:planeURI>caom:DAO/dao_c122_2016_012657/dao_c122_2016_012657</caom2:planeURI>
          <caom2:planeURI>caom:DAO/dao_c122_2016_012730/dao_c122_2016_012730</caom2:planeURI>
          <caom2:planeURI>caom:DAO/dao_c122_2016_012666/dao_c122_2016_012666</caom2:planeURI>
          <caom2:planeURI>caom:DAO/dao_c122_2016_012659/dao_c122_2016_012659</caom2:planeURI>
          <caom2:planeURI>caom:DAO/dao_c122_2016_012652/dao_c122_2016_012652</caom2:planeURI>
          <caom2:planeURI>caom:DAO/dao_c122_2016_012731/dao_c122_2016_012731</caom2:planeURI>
          <caom2:planeURI>caom:DAO/dao_c122_2016_012655/dao_c122_2016_012655</caom2:planeURI>
          <caom2:planeURI>caom:DAO/dao_c122_2016_012656/dao_c122_2016_012656</caom2:planeURI>
          <caom2:planeURI>caom:DAO/dao_c122_2016_012729/dao_c122_2016_012729</caom2:planeURI>
          <caom2:planeURI>caom:DAO/dao_c122_2016_012737/dao_c122_2016_012737</caom2:planeURI>
          <caom2:planeURI>caom:DAO/dao_c122_2016_012662/dao_c122_2016_012662</caom2:planeURI>
          <caom2:planeURI>caom:DAO/dao_c122_2016_012665/dao_c122_2016_012665</caom2:planeURI>
          <caom2:planeURI>caom:DAO/dao_c122_2016_012740/dao_c122_2016_012740</caom2:planeURI>
          <caom2:planeURI>caom:DAO/dao_c122_2016_012736/dao_c122_2016_012736</caom2:planeURI>
          <caom2:planeURI>caom:DAO/dao_c122_2016_012727/dao_c122_2016_012727</caom2:planeURI>
          <caom2:planeURI>caom:DAO/dao_c122_2016_012732/dao_c122_2016_012732</caom2:planeURI>
          <caom2:planeURI>caom:DAO/dao_c122_2016_012739/dao_c122_2016_012739</caom2:planeURI>
          <caom2:planeURI>caom:DAO/dao_c122_2016_012660/dao_c122_2016_012660</caom2:planeURI>
          <caom2:planeURI>caom:DAO/dao_c122_2016_012733/dao_c122_2016_012733</caom2:planeURI>
          <caom2:planeURI>caom:DAO/dao_c122_2016_012664/dao_c122_2016_012664</caom2:planeURI>
          <caom2:planeURI>caom:DAO/dao_c122_2016_012735/dao_c122_2016_012735</caom2:planeURI>
          <caom2:planeURI>caom:DAO/dao_c122_2016_012734/dao_c122_2016_012734</caom2:planeURI>
          <caom2:planeURI>caom:DAO/dao_c122_2016_012741/dao_c122_2016_012741</caom2:planeURI>
          <caom2:planeURI>caom:DAO/dao_c122_2016_012738/dao_c122_2016_012738</caom2:planeURI>
          <caom2:planeURI>caom:DAO/dao_c122_2016_012653/dao_c122_2016_012653</caom2:planeURI>
          <caom2:planeURI>caom:DAO/dao_c122_2016_012654/dao_c122_2016_012654</caom2:planeURI>
          <caom2:planeURI>caom:DAO/dao_c122_2016_012661/dao_c122_2016_012661</caom2:planeURI>
          <caom2:planeURI>caom:DAO/dao_c122_2016_012726/dao_c122_2016_012726</caom2:planeURI>
          <caom2:planeURI>caom:DAO/dao_c122_2016_012663/dao_c122_2016_012663</caom2:planeURI>
          <caom2:planeURI>caom:DAO/dao_c122_2016_012728/dao_c122_2016_012728</caom2:planeURI>
          <caom2:planeURI>caom:DAO/dao_c122_2016_012658/dao_c122_2016_012658</caom2:planeURI>
        </caom2:inputs>
      </caom2:provenance>
      <caom2:artifacts>
        <caom2:artifact caom2:id="00000000-0000-0000-e481-0158c157e489" caom2:lastModified="2017-11-10T19:20:57.160" caom2:maxLastModified="2017-11-10T19:20:57.160" caom2:metaChecksum="md5:e8204881408c0458cd170f7e738f1a18" caom2:accMetaChecksum="md5:68628e3a5f2da21a8fde1621c5909844" caom2:metaProducer="dao2caom2/0.3.1">
          <caom2:uri>ad:DAOCADC/dao_c122_2016_012652_B.fits.gz</caom2:uri>
          <caom2:productType>calibration</caom2:productType>
          <caom2:releaseType>data</caom2:releaseType>
          <caom2:contentType>application/fits</caom2:contentType>
          <caom2:contentChecksum>md5:349d60da884c8b2254fb00780689a38b</caom2:contentChecksum>
          <caom2:parts>
            <caom2:part caom2:id="00000000-0000-0000-e481-0158c157e48b" caom2:lastModified="2016-12-02T21:01:55.640" caom2:maxLastModified="2016-12-02T21:01:55.640" caom2:metaChecksum="md5:c9f76a4e3c18a6ca707a77baddf95dec" caom2:accMetaChecksum="md5:11fb0f2aa8c2bb3fd83df2f2bee40e48">
              <caom2:name>0</caom2:name>
              <caom2:chunks>
                <caom2:chunk caom2:id="00000000-0000-0000-e481-0158c157e48d" caom2:lastModified="2016-12-02T21:01:55.640" caom2:maxLastModified="2016-12-02T21:01:55.640" caom2:metaChecksum="md5:2caea52f72877049403694e511df6e80" caom2:accMetaChecksum="md5:a3f0b4e4ff9d09593221511f309c9201" caom2:metaProducer="dao2caom2/0.3.1">
                  <caom2:observable>
                    <caom2:dependent>
                      <caom2:axis>
                        <caom2:ctype>FLUX</caom2:ctype>
                        <caom2:cunit>COUNTS</caom2:cunit>
                      </caom2:axis>
                      <caom2:bin>1</caom2:bin>
                    </caom2:dependent>
                  </caom2:observable>
                  <caom2:time>
                    <caom2:axis>
                      <caom2:axis>
                        <caom2:ctype>TIME</caom2:ctype>
                        <caom2:cunit>d</caom2:cunit>
                      </caom2:axis>
                      <caom2:function>
                        <caom2:naxis>1</caom2:naxis>
                        <caom2:delta>0.0</caom2:delta>
                        <caom2:refCoord>
                          <caom2:pix>0.5</caom2:pix>
                          <caom2:val>57723.0472454</caom2:val>
                        </caom2:refCoord>
                      </caom2:function>
                    </caom2:axis>
                    <caom2:timesys>UTC</caom2:timesys>
                    <caom2:exposure>0.0</caom2:exposure>
                    <caom2:resolution>0.0</caom2:resolution>
                  </caom2:time>
                </caom2:chunk>
              </caom2:chunks>
            </caom2:part>
          </caom2:parts>
        </caom2:artifact>
      </caom2:artifacts>
    </caom2:plane>
  </caom2:planes>
  <caom2:members>
    <caom2:observationURI>caom:DAO/dao_c122_2016_012665</caom2:observationURI>
    <caom2:observationURI>caom:DAO/dao_c122_2016_012740</caom2:observationURI>
    <caom2:observationURI>caom:DAO/dao_c122_2016_012658</caom2:observationURI>
    <caom2:observationURI>caom:DAO/dao_c122_2016_012732</caom2:observationURI>
    <caom2:observationURI>caom:DAO/dao_c122_2016_012731</caom2:observationURI>
    <caom2:observationURI>caom:DAO/dao_c122_2016_012661</caom2:observationURI>
    <caom2:observationURI>caom:DAO/dao_c122_2016_012652</caom2:observationURI>
    <caom2:observationURI>caom:DAO/dao_c122_2016_012727</caom2:observationURI>
    <caom2:observationURI>caom:DAO/dao_c122_2016_012655</caom2:observationURI>
    <caom2:observationURI>caom:DAO/dao_c122_2016_012729</caom2:observationURI>
    <caom2:observationURI>caom:DAO/dao_c122_2016_012741</caom2:observationURI>
    <caom2:observationURI>caom:DAO/dao_c122_2016_012734</caom2:observationURI>
    <caom2:observationURI>caom:DAO/dao_c122_2016_012726</caom2:observationURI>
    <caom2:observationURI>caom:DAO/dao_c122_2016_012663</caom2:observationURI>
    <caom2:observationURI>caom:DAO/dao_c122_2016_012653</caom2:observationURI>
    <caom2:observationURI>caom:DAO/dao_c122_2016_012654</caom2:observationURI>
    <caom2:observationURI>caom:DAO/dao_c122_2016_012657</caom2:observationURI>
    <caom2:observationURI>caom:DAO/dao_c122_2016_012737</caom2:observationURI>
    <caom2:observationURI>caom:DAO/dao_c122_2016_012739</caom2:observationURI>
    <caom2:observationURI>caom:DAO/dao_c122_2016_012738</caom2:observationURI>
    <caom2:observationURI>caom:DAO/dao_c122_2016_012660</caom2:observationURI>
    <caom2:observationURI>caom:DAO/dao_c122_2016_012735</caom2:observationURI>
    <caom2:observationURI>caom:DAO/dao_c122_2016_012662</caom2:observationURI>
    <caom2:observationURI>caom:DAO/dao_c122_2016_012730</caom2:observationURI>
    <caom2:observationURI>caom:DAO/dao_c122_2016_012664</caom2:observationURI>
    <caom2:observationURI>caom:DAO/dao_c122_2016_012656</caom2:observationURI>
    <caom2:observationURI>caom:DAO/dao_c122_2016_012728</caom2:observationURI>
    <caom2:observationURI>caom:DAO/dao_c122_2016_012736</caom2:observationURI>
    <caom2:observationURI>caom:DAO/dao_c122_2016_012733</caom2:observationURI>
    <caom2:observationURI>caom:DAO/dao_c122_2016_012659</caom2:observationURI>
    <caom2:observationURI>caom:DAO/dao_c122_2016_012666</caom2:observationURI>
  </caom2:members>
</caom2:Observation>
