<?xml version='1.0' encoding='UTF-8'?>
<caom2:Observation xmlns:caom2="http://www.opencadc.org/caom2/xml/v2.4" xmlns:xsi="http://www.w3.org/2001/XMLSchema-instance" xsi:type="caom2:SimpleObservation" caom2:id="00000000-0000-0000-a8e2-0158ad7219ff" caom2:lastModified="2017-04-05T23:34:20.783" caom2:maxLastModified="2017-11-10T18:36:17.980" caom2:metaChecksum="md5:c96219bed81d14125732f37cd083dc6d" caom2:accMetaChecksum="md5:ebda381ff106ceaaf58f0250ef74a0f1" caom2:metaProducer="dao2caom2/0.3.1">
  <caom2:collection>DAO</caom2:collection>
  <caom2:observationID>dao_c122_2007_000881</caom2:observationID>
  <caom2:metaRelease>2007-01-25T05:57:41.000</caom2:metaRelease>
  <caom2:algorithm>
    <caom2:name>exposure</caom2:name>
  </caom2:algorithm>
  <caom2:type>comparison</caom2:type>
  <caom2:intent>calibration</caom2:intent>
  <caom2:target>
    <caom2:name>th/ar</caom2:name>
    <caom2:type>object</caom2:type>
    <caom2:standard>false</caom2:standard>
    <caom2:moving>false</caom2:moving>
  </caom2:target>
  <caom2:telescope>
    <caom2:name>DAO 1.2-m</caom2:name>
    <caom2:geoLocationX>-2331226.7854122813</caom2:geoLocationX>
    <caom2:geoLocationY>-3532798.978466634</caom2:geoLocationY>
    <caom2:geoLocationZ>4755607.337178416</caom2:geoLocationZ>
  </caom2:telescope>
  <caom2:instrument>
    <caom2:name>McKellar Spectrograph</caom2:name>
  </caom2:instrument>
  <caom2:environment>
    <caom2:humidity>80.0</caom2:humidity>
    <caom2:photometric>false</caom2:photometric>
  </caom2:environment>
  <caom2:planes>
    <caom2:plane caom2:id="00000000-0000-0000-a8e2-0158ad722522" caom2:lastModified="2016-11-29T00:18:10.900" caom2:maxLastModified="2017-11-10T18:36:17.980" caom2:metaChecksum="md5:d835b5a1f458478da102a07f6df6f4da" caom2:accMetaChecksum="md5:6486e19353942bc47949cbcc0043c621" caom2:metaProducer="dao2caom2/0.3.1">
      <caom2:productID>dao_c122_2007_000881</caom2:productID>
      <caom2:metaRelease>2007-01-25T05:57:41.000</caom2:metaRelease>
      <caom2:dataRelease>2007-01-25T05:57:41.000</caom2:dataRelease>
      <caom2:dataProductType>spectrum</caom2:dataProductType>
      <caom2:calibrationLevel>1</caom2:calibrationLevel>
      <caom2:provenance>
        <caom2:name>DAO unprocessed data</caom2:name>
        <caom2:project>DAO Science Archive</caom2:project>
        <caom2:producer>NRC Herzberg</caom2:producer>
        <caom2:reference>https://www.cadc-ccda.hia-iha.nrc-cnrc.gc.ca/en/dao/</caom2:reference>
      </caom2:provenance>
      <caom2:artifacts>
        <caom2:artifact caom2:id="00000000-0000-0000-a8e2-0158ad72252d" caom2:lastModified="2017-11-10T18:36:17.980" caom2:maxLastModified="2017-11-10T18:36:17.980" caom2:metaChecksum="md5:72cacc0e01c5d5b5fbd207b14d2be9c2" caom2:accMetaChecksum="md5:0676fa53b4e1927da26ba3216a7518fa" caom2:metaProducer="dao2caom2/0.3.1">
          <caom2:uri>ad:DAO/dao_c122_2007_000881.fits.gz</caom2:uri>
          <caom2:productType>calibration</caom2:productType>
          <caom2:releaseType>data</caom2:releaseType>
          <caom2:contentType>application/fits</caom2:contentType>
          <caom2:contentChecksum>md5:a84dec4e46a5f42eb1371461eaee8819</caom2:contentChecksum>
          <caom2:parts>
            <caom2:part caom2:id="00000000-0000-0000-a8e2-0158ad72252f" caom2:lastModified="2016-11-29T00:18:10.900" caom2:maxLastModified="2016-11-29T00:18:10.900" caom2:metaChecksum="md5:4438afb95dc7621f85f9161b7f89dc8a" caom2:accMetaChecksum="md5:1488f75f339d9e3ac8544b113369d691">
              <caom2:name>0</caom2:name>
              <caom2:chunks>
                <caom2:chunk caom2:id="00000000-0000-0000-a8e2-0158ad722531" caom2:lastModified="2016-11-29T00:18:10.900" caom2:maxLastModified="2016-11-29T00:18:10.900" caom2:metaChecksum="md5:38613231783a45c353d7a83b3f2c585c" caom2:accMetaChecksum="md5:d29e001ae6524303593a27ab6d5b63be" caom2:metaProducer="dao2caom2/0.3.1">
                  <caom2:observable>
                    <caom2:dependent>
                      <caom2:axis>
                        <caom2:ctype>FLUX</caom2:ctype>
                        <caom2:cunit>COUNTS</caom2:cunit>
                      </caom2:axis>
                      <caom2:bin>1</caom2:bin>
                    </caom2:dependent>
                  </caom2:observable>
                  <caom2:energy>
                    <caom2:axis>
                      <caom2:axis>
                        <caom2:ctype>WAVE</caom2:ctype>
                        <caom2:cunit>m</caom2:cunit>
                      </caom2:axis>
                      <caom2:function>
                        <caom2:naxis>4200</caom2:naxis>
                        <caom2:delta>7.2e-12</caom2:delta>
                        <caom2:refCoord>
                          <caom2:pix>2048.5</caom2:pix>
                          <caom2:val>6.6e-07</caom2:val>
                        </caom2:refCoord>
                      </caom2:function>
                    </caom2:axis>
                    <caom2:specsys>TOPOCENT</caom2:specsys>
                    <caom2:ssysobs>TOPOCENT</caom2:ssysobs>
                    <caom2:ssyssrc>TOPOCENT</caom2:ssyssrc>
                    <caom2:resolvingPower>36666.66666666667</caom2:resolvingPower>
                  </caom2:energy>
                  <caom2:time>
                    <caom2:axis>
                      <caom2:axis>
                        <caom2:ctype>TIME</caom2:ctype>
                        <caom2:cunit>d</caom2:cunit>
                      </caom2:axis>
                      <caom2:function>
                        <caom2:naxis>1</caom2:naxis>
                        <caom2:delta>0.00011574074074074</caom2:delta>
                        <caom2:refCoord>
                          <caom2:pix>0.5</caom2:pix>
                          <caom2:val>54125.2483912</caom2:val>
                        </caom2:refCoord>
                      </caom2:function>
                    </caom2:axis>
                    <caom2:timesys>UTC</caom2:timesys>
                    <caom2:exposure>10.0</caom2:exposure>
                    <caom2:resolution>10.0</caom2:resolution>
                  </caom2:time>
                </caom2:chunk>
              </caom2:chunks>
            </caom2:part>
          </caom2:parts>
        </caom2:artifact>
      </caom2:artifacts>
    </caom2:plane>
  </caom2:planes>
</caom2:Observation>
