<?xml version='1.0' encoding='UTF-8'?>
<caom2:Observation xmlns:caom2="http://www.opencadc.org/caom2/xml/v2.4" xmlns:xsi="http://www.w3.org/2001/XMLSchema-instance" xsi:type="caom2:SimpleObservation" caom2:id="00000000-0000-0000-a4d9-0158bb83ad0c" caom2:lastModified="2017-04-05T23:58:24.330" caom2:maxLastModified="2017-11-10T19:20:25.590" caom2:metaChecksum="md5:e37b156c33504c7ff8bdc8eadee03c1d" caom2:accMetaChecksum="md5:8ec274453cecdb6f8caeddc88f92f9b8" caom2:metaProducer="dao2caom2/0.3.1">
  <caom2:collection>DAO</caom2:collection>
  <caom2:observationID>dao_c122_2016_012728</caom2:observationID>
  <caom2:metaRelease>2016-12-01T14:56:22.000</caom2:metaRelease>
  <caom2:algorithm>
    <caom2:name>exposure</caom2:name>
  </caom2:algorithm>
  <caom2:type>bias</caom2:type>
  <caom2:intent>calibration</caom2:intent>
  <caom2:proposal>
    <caom2:id>DAO122_2016D9</caom2:id>
    <caom2:pi>Bohlender</caom2:pi>
  </caom2:proposal>
  <caom2:target>
    <caom2:name>bias</caom2:name>
    <caom2:type>object</caom2:type>
    <caom2:standard>false</caom2:standard>
    <caom2:moving>false</caom2:moving>
  </caom2:target>
  <caom2:telescope>
    <caom2:name>DAO 1.2-m</caom2:name>
    <caom2:geoLocationX>-2331226.7854122813</caom2:geoLocationX>
    <caom2:geoLocationY>-3532798.978466634</caom2:geoLocationY>
    <caom2:geoLocationZ>4755607.337178416</caom2:geoLocationZ>
  </caom2:telescope>
  <caom2:instrument>
    <caom2:name>McKellar Spectrograph</caom2:name>
  </caom2:instrument>
  <caom2:environment>
    <caom2:humidity>83.0</caom2:humidity>
    <caom2:photometric>false</caom2:photometric>
  </caom2:environment>
  <caom2:planes>
    <caom2:plane caom2:id="00000000-0000-0000-a4d9-0158bb83b70d" caom2:lastModified="2016-12-01T17:52:06.057" caom2:maxLastModified="2017-11-10T19:20:25.590" caom2:metaChecksum="md5:8e600d50905edbfdf1d4c2f7743a0163" caom2:accMetaChecksum="md5:9ccec2f88e30df773ebf5b1a18c4abec" caom2:metaProducer="dao2caom2/0.3.1">
      <caom2:productID>dao_c122_2016_012728</caom2:productID>
      <caom2:metaRelease>2016-12-01T14:56:22.000</caom2:metaRelease>
      <caom2:dataRelease>2016-12-01T14:56:44.000</caom2:dataRelease>
      <caom2:dataProductType>spectrum</caom2:dataProductType>
      <caom2:calibrationLevel>1</caom2:calibrationLevel>
      <caom2:provenance>
        <caom2:name>DAO unprocessed data</caom2:name>
        <caom2:project>DAO Science Archive</caom2:project>
        <caom2:producer>NRC Herzberg</caom2:producer>
        <caom2:reference>https://www.cadc-ccda.hia-iha.nrc-cnrc.gc.ca/en/dao/</caom2:reference>
      </caom2:provenance>
      <caom2:artifacts>
        <caom2:artifact caom2:id="00000000-0000-0000-a4d9-0158bb83b714" caom2:lastModified="2017-11-10T19:20:25.590" caom2:maxLastModified="2017-11-10T19:20:25.590" caom2:metaChecksum="md5:f77f7d4a92194188c93ab61e170fb2fa" caom2:accMetaChecksum="md5:0c527189ad973bbbfcdfef511511d00f" caom2:metaProducer="dao2caom2/0.3.1">
          <caom2:uri>cadc:DAO/dao_c122_2016_012728.fits</caom2:uri>
          <caom2:productType>calibration</caom2:productType>
          <caom2:releaseType>data</caom2:releaseType>
          <caom2:contentType>application/fits</caom2:contentType>
          <caom2:contentChecksum>md5:3170b678bd73785e81731927761d80c4</caom2:contentChecksum>
          <caom2:parts>
            <caom2:part caom2:id="00000000-0000-0000-a4d9-0158bb83b716" caom2:lastModified="2016-12-01T17:52:06.057" caom2:maxLastModified="2016-12-01T17:52:06.057" caom2:metaChecksum="md5:2db3462478bab0d329c0b903be1f0bdb" caom2:accMetaChecksum="md5:416b2a06024ef053a2618d5c145895e2">
              <caom2:name>0</caom2:name>
              <caom2:chunks>
                <caom2:chunk caom2:id="00000000-0000-0000-a4d9-0158bb83b717" caom2:lastModified="2016-12-01T17:52:06.057" caom2:maxLastModified="2016-12-01T17:52:06.057" caom2:metaChecksum="md5:482064f66f520e8f058de56ee7f9c917" caom2:accMetaChecksum="md5:b97c5417c3faaf20c0e9e98e6fb298e0" caom2:metaProducer="dao2caom2/0.3.1">
                  <caom2:observable>
                    <caom2:dependent>
                      <caom2:axis>
                        <caom2:ctype>FLUX</caom2:ctype>
                        <caom2:cunit>COUNTS</caom2:cunit>
                      </caom2:axis>
                      <caom2:bin>1</caom2:bin>
                    </caom2:dependent>
                  </caom2:observable>
                  <caom2:time>
                    <caom2:axis>
                      <caom2:axis>
                        <caom2:ctype>TIME</caom2:ctype>
                        <caom2:cunit>d</caom2:cunit>
                      </caom2:axis>
                      <caom2:function>
                        <caom2:naxis>1</caom2:naxis>
                        <caom2:delta>0.0</caom2:delta>
                        <caom2:refCoord>
                          <caom2:pix>0.5</caom2:pix>
                          <caom2:val>57723.6224769</caom2:val>
                        </caom2:refCoord>
                      </caom2:function>
                    </caom2:axis>
                    <caom2:timesys>UTC</caom2:timesys>
                    <caom2:exposure>0.0</caom2:exposure>
                    <caom2:resolution>0.0</caom2:resolution>
                  </caom2:time>
                </caom2:chunk>
              </caom2:chunks>
            </caom2:part>
          </caom2:parts>
        </caom2:artifact>
      </caom2:artifacts>
    </caom2:plane>
  </caom2:planes>
</caom2:Observation>
