<?xml version='1.0' encoding='UTF-8'?>
<caom2:Observation xmlns:caom2="http://www.opencadc.org/caom2/xml/v2.4" xmlns:xsi="http://www.w3.org/2001/XMLSchema-instance" xsi:type="caom2:SimpleObservation" caom2:id="00000000-0000-0000-c8ce-0156f34d2824" caom2:lastModified="2017-04-05T05:16:53.660" caom2:maxLastModified="2017-11-21T00:38:19.457" caom2:metaChecksum="md5:6a9e58493948432dd9f6b068cc590cba" caom2:accMetaChecksum="md5:fbc06d89b2dbba972024521fb3df5f80" caom2:metaProducer="dao2caom2/0.3.1">
  <caom2:collection>DAO</caom2:collection>
  <caom2:observationID>dao_c182_2016_008344</caom2:observationID>
  <caom2:metaRelease>2016-09-04T03:35:50.000</caom2:metaRelease>
  <caom2:algorithm>
    <caom2:name>exposure</caom2:name>
  </caom2:algorithm>
  <caom2:type>bias</caom2:type>
  <caom2:intent>calibration</caom2:intent>
  <caom2:proposal>
    <caom2:id>DAO182_2016C4</caom2:id>
    <caom2:pi>Balam</caom2:pi>
  </caom2:proposal>
  <caom2:target>
    <caom2:name>bias</caom2:name>
    <caom2:type>field</caom2:type>
    <caom2:standard>false</caom2:standard>
    <caom2:moving>false</caom2:moving>
  </caom2:target>
  <caom2:telescope>
    <caom2:name>DAO 1.8-m</caom2:name>
    <caom2:geoLocationX>-2331180.0236165463</caom2:geoLocationX>
    <caom2:geoLocationY>-3532960.1603673417</caom2:geoLocationY>
    <caom2:geoLocationZ>4755520.510544372</caom2:geoLocationZ>
  </caom2:telescope>
  <caom2:instrument>
    <caom2:name>Newtonian Imager</caom2:name>
  </caom2:instrument>
  <caom2:environment>
    <caom2:humidity>71.0</caom2:humidity>
    <caom2:photometric>false</caom2:photometric>
  </caom2:environment>
  <caom2:planes>
    <caom2:plane caom2:id="00000000-0000-0000-c8ce-0156f34d3082" caom2:lastModified="2016-09-04T03:45:39.500" caom2:maxLastModified="2017-11-21T00:38:19.457" caom2:metaChecksum="md5:512b127a726bf6adee3805cb6cabf619" caom2:accMetaChecksum="md5:a8639dcfff0a65006e67ec072110196c" caom2:metaProducer="dao2caom2/0.3.1">
      <caom2:productID>dao_c182_2016_008344</caom2:productID>
      <caom2:metaRelease>2016-09-04T03:35:50.000</caom2:metaRelease>
      <caom2:dataRelease>2016-09-04T03:36:25.000</caom2:dataRelease>
      <caom2:dataProductType>image</caom2:dataProductType>
      <caom2:calibrationLevel>1</caom2:calibrationLevel>
      <caom2:provenance>
        <caom2:name>DAO unprocessed data</caom2:name>
        <caom2:project>DAO Science Archive</caom2:project>
        <caom2:producer>NRC Herzberg</caom2:producer>
        <caom2:reference>https://www.cadc-ccda.hia-iha.nrc-cnrc.gc.ca/en/dao/</caom2:reference>
      </caom2:provenance>
      <caom2:artifacts>
        <caom2:artifact caom2:id="00000000-0000-0000-c8ce-0156f34d3088" caom2:lastModified="2017-11-21T00:38:19.457" caom2:maxLastModified="2017-11-21T00:38:19.457" caom2:metaChecksum="md5:6ab489f8f98fea5283e37f346f468298" caom2:accMetaChecksum="md5:dfdde098a6b06599964e00885d0fbc79" caom2:metaProducer="dao2caom2/0.3.1">
          <caom2:uri>cadc:DAO/dao_c182_2016_008344.fits</caom2:uri>
          <caom2:productType>calibration</caom2:productType>
          <caom2:releaseType>data</caom2:releaseType>
          <caom2:contentType>application/fits</caom2:contentType>
          <caom2:contentChecksum>md5:bba42493b17d0266b8224c674fac16f4</caom2:contentChecksum>
          <caom2:parts>
            <caom2:part caom2:id="00000000-0000-0000-c8ce-0156f34d308a" caom2:lastModified="2016-09-04T03:45:39.500" caom2:maxLastModified="2016-09-04T03:45:39.500" caom2:metaChecksum="md5:ed3ed114f1d3e2e0cfc67702c46a40ac" caom2:accMetaChecksum="md5:c4305504a34c6e9e7f20737c7dcfcf83">
              <caom2:name>0</caom2:name>
              <caom2:chunks>
                <caom2:chunk caom2:id="00000000-0000-0000-c8ce-0156f34d308c" caom2:lastModified="2016-09-04T03:45:39.500" caom2:maxLastModified="2016-09-04T03:45:39.500" caom2:metaChecksum="md5:6133341e39bebf79938b3d66501c3639" caom2:accMetaChecksum="md5:72528ae3fb00ea8babf92d41774cf604" caom2:metaProducer="dao2caom2/0.3.1">
                  <caom2:time>
                    <caom2:axis>
                      <caom2:axis>
                        <caom2:ctype>TIME</caom2:ctype>
                        <caom2:cunit>d</caom2:cunit>
                      </caom2:axis>
                      <caom2:function>
                        <caom2:naxis>1</caom2:naxis>
                        <caom2:delta>0.0</caom2:delta>
                        <caom2:refCoord>
                          <caom2:pix>0.5</caom2:pix>
                          <caom2:val>57635.1498843</caom2:val>
                        </caom2:refCoord>
                      </caom2:function>
                    </caom2:axis>
                    <caom2:timesys>UTC</caom2:timesys>
                    <caom2:exposure>0.0</caom2:exposure>
                    <caom2:resolution>0.0</caom2:resolution>
                  </caom2:time>
                </caom2:chunk>
              </caom2:chunks>
            </caom2:part>
          </caom2:parts>
        </caom2:artifact>
      </caom2:artifacts>
    </caom2:plane>
  </caom2:planes>
</caom2:Observation>
