<?xml version='1.0' encoding='UTF-8'?>
<caom2:Observation xmlns:caom2="http://www.opencadc.org/caom2/xml/v2.4" xmlns:xsi="http://www.w3.org/2001/XMLSchema-instance" xsi:type="caom2:SimpleObservation" caom2:id="00000000-0000-0000-b49b-01641e752f06" caom2:lastModified="2018-06-20T18:29:42.267" caom2:maxLastModified="2018-06-20T18:29:42.267" caom2:metaChecksum="md5:7587df90a7c42ab6ab7772957a97569b" caom2:accMetaChecksum="md5:58337c10c2ac4ab1eb2a267729423216" caom2:metaProducer="dao2caom2/0.3.1">
  <caom2:collection>DAO</caom2:collection>
  <caom2:observationID>dao_r122_1989_003111</caom2:observationID>
  <caom2:metaRelease>1989-09-03T11:52:49.000</caom2:metaRelease>
  <caom2:algorithm>
    <caom2:name>exposure</caom2:name>
  </caom2:algorithm>
  <caom2:type>comparison</caom2:type>
  <caom2:intent>calibration</caom2:intent>
  <caom2:target>
    <caom2:name>FE AR ARC</caom2:name>
    <caom2:type>object</caom2:type>
    <caom2:standard>false</caom2:standard>
    <caom2:moving>false</caom2:moving>
  </caom2:target>
  <caom2:telescope>
    <caom2:name>DAO 1.2-m</caom2:name>
    <caom2:geoLocationX>-2331226.7854122813</caom2:geoLocationX>
    <caom2:geoLocationY>-3532798.978466634</caom2:geoLocationY>
    <caom2:geoLocationZ>4755607.337178416</caom2:geoLocationZ>
  </caom2:telescope>
  <caom2:instrument>
    <caom2:name>McKellar Spectrograph</caom2:name>
  </caom2:instrument>
  <caom2:planes>
    <caom2:plane caom2:id="00000000-0000-0000-b49b-01641e7537c7" caom2:lastModified="2018-06-20T18:29:42.267" caom2:maxLastModified="2018-06-20T18:29:42.267" caom2:metaChecksum="md5:931cb3549e4dc591e0bd3d3670993824" caom2:accMetaChecksum="md5:a301b6bea4cc9e9931d2f6914bfd04d0" caom2:metaProducer="dao2caom2/0.3.1">
      <caom2:productID>dao_r122_1989_003111</caom2:productID>
      <caom2:metaRelease>1989-09-03T11:52:49.000</caom2:metaRelease>
      <caom2:dataRelease>1990-09-03T11:52:49.000</caom2:dataRelease>
      <caom2:dataProductType>spectrum</caom2:dataProductType>
      <caom2:calibrationLevel>1</caom2:calibrationLevel>
      <caom2:provenance>
        <caom2:name>DAO unprocessed data</caom2:name>
        <caom2:project>DAO Science Archive</caom2:project>
        <caom2:producer>NRC Herzberg</caom2:producer>
        <caom2:reference>https://www.cadc-ccda.hia-iha.nrc-cnrc.gc.ca/en/dao/</caom2:reference>
      </caom2:provenance>
      <caom2:artifacts>
        <caom2:artifact caom2:id="00000000-0000-0000-b49b-01641e7537cf" caom2:lastModified="2018-06-20T18:29:42.267" caom2:maxLastModified="2018-06-20T18:29:42.267" caom2:metaChecksum="md5:177280fc5b62fa74f87466587fb394ad" caom2:accMetaChecksum="md5:77faa55e270ad9b021a73773ae4ac3b3" caom2:metaProducer="dao2caom2/0.3.1">
          <caom2:uri>cadc:DAO/dao_r122_1989_003111.fits</caom2:uri>
          <caom2:productType>calibration</caom2:productType>
          <caom2:releaseType>data</caom2:releaseType>
          <caom2:contentType>application/fits</caom2:contentType>
          <caom2:contentChecksum>md5:dfb5ddab74844d911dd54552415dd8ab</caom2:contentChecksum>
          <caom2:parts>
            <caom2:part caom2:id="00000000-0000-0000-b49b-01641e7537d1" caom2:lastModified="2018-06-20T18:29:42.267" caom2:maxLastModified="2018-06-20T18:29:42.267" caom2:metaChecksum="md5:d31f62f2d1a0cf2c2ef1b385d05db83b" caom2:accMetaChecksum="md5:fe32b627ed59b8995b9e5ecd0ebb63a1">
              <caom2:name>0</caom2:name>
              <caom2:chunks>
                <caom2:chunk caom2:id="00000000-0000-0000-b49b-01641e7537d2" caom2:lastModified="2018-06-20T18:29:42.267" caom2:maxLastModified="2018-06-20T18:29:42.267" caom2:metaChecksum="md5:1f9031893d5e8433541852b89e6629d1" caom2:accMetaChecksum="md5:3a2a72fb962925050922ab4137b9eb02" caom2:metaProducer="dao2caom2/0.3.1">
                  <caom2:observable>
                    <caom2:dependent>
                      <caom2:axis>
                        <caom2:ctype>FLUX</caom2:ctype>
                        <caom2:cunit>COUNTS</caom2:cunit>
                      </caom2:axis>
                      <caom2:bin>1</caom2:bin>
                    </caom2:dependent>
                  </caom2:observable>
                  <caom2:time>
                    <caom2:axis>
                      <caom2:axis>
                        <caom2:ctype>TIME</caom2:ctype>
                        <caom2:cunit>d</caom2:cunit>
                      </caom2:axis>
                      <caom2:function>
                        <caom2:naxis>1</caom2:naxis>
                        <caom2:delta>0.0009375</caom2:delta>
                        <caom2:refCoord>
                          <caom2:pix>0.5</caom2:pix>
                          <caom2:val>47772.4950116</caom2:val>
                        </caom2:refCoord>
                      </caom2:function>
                    </caom2:axis>
                    <caom2:timesys>UTC</caom2:timesys>
                    <caom2:exposure>81.0</caom2:exposure>
                    <caom2:resolution>81.0</caom2:resolution>
                  </caom2:time>
                </caom2:chunk>
              </caom2:chunks>
            </caom2:part>
          </caom2:parts>
        </caom2:artifact>
      </caom2:artifacts>
    </caom2:plane>
  </caom2:planes>
</caom2:Observation>
